// Jest Snapshot v1, https://goo.gl/fbAQLP

exports[`Testing DamageReportForm Renders as expected 1`] = `
ShallowWrapper {
  "length": 1,
  Symbol(enzyme.__root__): [Circular],
  Symbol(enzyme.__unrendered__): <DamageReportForm
    car="testcar"
    changeOptions={[Function]}
    changeValues={[Function]}
    currentDamageReport={
      Array [
        Object {
          "Damaged": false,
          "ItemType": "Wheel",
        },
        Object {
          "Damaged": false,
          "ItemType": "Window",
        },
        Object {
          "Damaged": false,
          "ItemType": "CarLight",
        },
        Object {
          "Damaged": false,
          "ItemType": "FrontBumper",
        },
        Object {
          "Damaged": false,
          "ItemType": "BackBumper",
        },
        Object {
          "Damaged": false,
          "ItemType": "RightBodyWork",
        },
        Object {
          "Damaged": false,
          "ItemType": "LeftBodyWork",
        },
      ]
    }
    formOptions={
      Object {
        "formOptions": "testoptions",
      }
    }
    getValues={[Function]}
    hasErrored={false}
    isLoading={true}
    navigate={[Function]}
    success={undefined}
    updateValues={[Function]}
    values={undefined}
  />,
  Symbol(enzyme.__renderer__): Object {
    "batchedUpdates": [Function],
    "getNode": [Function],
    "render": [Function],
    "simulateEvent": [Function],
    "unmount": [Function],
  },
  Symbol(enzyme.__node__): Object {
    "instance": null,
    "key": undefined,
    "nodeType": "class",
    "props": Object {
      "children": <Styled(Spinner)
        color="white"
        virtual={undefined}
      />,
      "virtual": undefined,
    },
    "ref": null,
    "rendered": Object {
      "instance": null,
      "key": undefined,
      "nodeType": "class",
      "props": Object {
        "color": "white",
        "virtual": undefined,
      },
      "ref": null,
      "rendered": null,
      "type": [Function],
    },
    "type": [Function],
  },
  Symbol(enzyme.__nodes__): Array [
    Object {
      "instance": null,
      "key": undefined,
      "nodeType": "class",
      "props": Object {
        "children": <Styled(Spinner)
          color="white"
          virtual={undefined}
        />,
        "virtual": undefined,
      },
      "ref": null,
      "rendered": Object {
        "instance": null,
        "key": undefined,
        "nodeType": "class",
        "props": Object {
          "color": "white",
          "virtual": undefined,
        },
        "ref": null,
        "rendered": null,
        "type": [Function],
      },
      "type": [Function],
    },
  ],
  Symbol(enzyme.__options__): Object {
    "adapter": ReactSixteenAdapter {
      "options": Object {
        "enableComponentDidUpdateOnSetState": true,
      },
    },
    "context": Object {
      "store": Object {
        "clearActions": [Function],
        "dispatch": [Function],
        "getActions": [Function],
        "getState": [Function],
        "replaceReducer": [Function],
        "subscribe": [Function],
      },
    },
  },
}
`;
