// Jest Snapshot v1, https://goo.gl/fbAQLP

exports[`Testing DamageReportScreen Renders as expected 1`] = `
ShallowWrapper {
  "length": 1,
  Symbol(enzyme.__root__): [Circular],
  Symbol(enzyme.__unrendered__): <View
    style={
      Object {
        "alignItems": "center",
        "backgroundColor": "#002776",
        "flex": 1,
        "justifyContent": "center",
      }
    }
  >
    <View
      style={
        Object {
          "alignItems": "center",
          "backgroundColor": "white",
          "display": "flex",
          "width": 750,
        }
      }
    >
      <Image
        resizeMode="contain"
        source={
          Object {
            "process": [Function],
          }
        }
        style={
          Object {
            "height": 200.1,
            "margin": 0,
            "marginTop": -10,
            "width": 112.5,
            "zIndex": 5,
          }
        }
      />
      <Styled(Text)
        style={
          Object {
            "color": "rgb(000, 039, 118)",
            "fontSize": 20,
            "marginBottom": 5,
            "marginTop": -15,
          }
        }
        virtual={undefined}
      >
        Skaderegistrering
      </Styled(Text)>
    </View>
    <View
      style={
        Object {
          "alignItems": "center",
          "display": "flex",
          "flex": 2,
        }
      }
    >
      <Connect(DamageReportForm) />
    </View>
  </View>,
  Symbol(enzyme.__renderer__): Object {
    "batchedUpdates": [Function],
    "getNode": [Function],
    "render": [Function],
    "simulateEvent": [Function],
    "unmount": [Function],
  },
  Symbol(enzyme.__node__): Object {
    "instance": null,
    "key": undefined,
    "nodeType": "host",
    "props": Object {
      "children": Array [
        <View
          style={
            Object {
              "alignItems": "center",
              "backgroundColor": "white",
              "display": "flex",
              "width": 750,
            }
          }
        >
          <Image
            resizeMode="contain"
            source={
              Object {
                "process": [Function],
              }
            }
            style={
              Object {
                "height": 200.1,
                "margin": 0,
                "marginTop": -10,
                "width": 112.5,
                "zIndex": 5,
              }
            }
          />
          <Styled(Text)
            style={
              Object {
                "color": "rgb(000, 039, 118)",
                "fontSize": 20,
                "marginBottom": 5,
                "marginTop": -15,
              }
            }
            virtual={undefined}
          >
            Skaderegistrering
          </Styled(Text)>
        </View>,
        <View
          style={
            Object {
              "alignItems": "center",
              "display": "flex",
              "flex": 2,
            }
          }
        >
          <Connect(DamageReportForm) />
        </View>,
      ],
      "style": Object {
        "alignItems": "center",
        "backgroundColor": "#002776",
        "flex": 1,
        "justifyContent": "center",
      },
    },
    "ref": null,
    "rendered": Array [
      Object {
        "instance": null,
        "key": undefined,
        "nodeType": "class",
        "props": Object {
          "children": Array [
            <Image
              resizeMode="contain"
              source={
                Object {
                  "process": [Function],
                }
              }
              style={
                Object {
                  "height": 200.1,
                  "margin": 0,
                  "marginTop": -10,
                  "width": 112.5,
                  "zIndex": 5,
                }
              }
            />,
            <Styled(Text)
              style={
                Object {
                  "color": "rgb(000, 039, 118)",
                  "fontSize": 20,
                  "marginBottom": 5,
                  "marginTop": -15,
                }
              }
              virtual={undefined}
            >
              Skaderegistrering
            </Styled(Text)>,
          ],
          "style": Object {
            "alignItems": "center",
            "backgroundColor": "white",
            "display": "flex",
            "width": 750,
          },
        },
        "ref": null,
        "rendered": Array [
          Object {
            "instance": null,
            "key": undefined,
            "nodeType": "class",
            "props": Object {
              "resizeMode": "contain",
              "source": Object {
                "process": [Function],
              },
              "style": Object {
                "height": 200.1,
                "margin": 0,
                "marginTop": -10,
                "width": 112.5,
                "zIndex": 5,
              },
            },
            "ref": null,
            "rendered": null,
            "type": [Function],
          },
          Object {
            "instance": null,
            "key": undefined,
            "nodeType": "class",
            "props": Object {
              "children": "Skaderegistrering",
              "style": Object {
                "color": "rgb(000, 039, 118)",
                "fontSize": 20,
                "marginBottom": 5,
                "marginTop": -15,
              },
              "virtual": undefined,
            },
            "ref": null,
            "rendered": "Skaderegistrering",
            "type": [Function],
          },
        ],
        "type": [Function],
      },
      Object {
        "instance": null,
        "key": undefined,
        "nodeType": "class",
        "props": Object {
          "children": <Connect(DamageReportForm) />,
          "style": Object {
            "alignItems": "center",
            "display": "flex",
            "flex": 2,
          },
        },
        "ref": null,
        "rendered": Object {
          "instance": null,
          "key": undefined,
          "nodeType": "class",
          "props": Object {},
          "ref": null,
          "rendered": null,
          "type": [Function],
        },
        "type": [Function],
      },
    ],
    "type": "View",
  },
  Symbol(enzyme.__nodes__): Array [
    Object {
      "instance": null,
      "key": undefined,
      "nodeType": "host",
      "props": Object {
        "children": Array [
          <View
            style={
              Object {
                "alignItems": "center",
                "backgroundColor": "white",
                "display": "flex",
                "width": 750,
              }
            }
          >
            <Image
              resizeMode="contain"
              source={
                Object {
                  "process": [Function],
                }
              }
              style={
                Object {
                  "height": 200.1,
                  "margin": 0,
                  "marginTop": -10,
                  "width": 112.5,
                  "zIndex": 5,
                }
              }
            />
            <Styled(Text)
              style={
                Object {
                  "color": "rgb(000, 039, 118)",
                  "fontSize": 20,
                  "marginBottom": 5,
                  "marginTop": -15,
                }
              }
              virtual={undefined}
            >
              Skaderegistrering
            </Styled(Text)>
          </View>,
          <View
            style={
              Object {
                "alignItems": "center",
                "display": "flex",
                "flex": 2,
              }
            }
          >
            <Connect(DamageReportForm) />
          </View>,
        ],
        "style": Object {
          "alignItems": "center",
          "backgroundColor": "#002776",
          "flex": 1,
          "justifyContent": "center",
        },
      },
      "ref": null,
      "rendered": Array [
        Object {
          "instance": null,
          "key": undefined,
          "nodeType": "class",
          "props": Object {
            "children": Array [
              <Image
                resizeMode="contain"
                source={
                  Object {
                    "process": [Function],
                  }
                }
                style={
                  Object {
                    "height": 200.1,
                    "margin": 0,
                    "marginTop": -10,
                    "width": 112.5,
                    "zIndex": 5,
                  }
                }
              />,
              <Styled(Text)
                style={
                  Object {
                    "color": "rgb(000, 039, 118)",
                    "fontSize": 20,
                    "marginBottom": 5,
                    "marginTop": -15,
                  }
                }
                virtual={undefined}
              >
                Skaderegistrering
              </Styled(Text)>,
            ],
            "style": Object {
              "alignItems": "center",
              "backgroundColor": "white",
              "display": "flex",
              "width": 750,
            },
          },
          "ref": null,
          "rendered": Array [
            Object {
              "instance": null,
              "key": undefined,
              "nodeType": "class",
              "props": Object {
                "resizeMode": "contain",
                "source": Object {
                  "process": [Function],
                },
                "style": Object {
                  "height": 200.1,
                  "margin": 0,
                  "marginTop": -10,
                  "width": 112.5,
                  "zIndex": 5,
                },
              },
              "ref": null,
              "rendered": null,
              "type": [Function],
            },
            Object {
              "instance": null,
              "key": undefined,
              "nodeType": "class",
              "props": Object {
                "children": "Skaderegistrering",
                "style": Object {
                  "color": "rgb(000, 039, 118)",
                  "fontSize": 20,
                  "marginBottom": 5,
                  "marginTop": -15,
                },
                "virtual": undefined,
              },
              "ref": null,
              "rendered": "Skaderegistrering",
              "type": [Function],
            },
          ],
          "type": [Function],
        },
        Object {
          "instance": null,
          "key": undefined,
          "nodeType": "class",
          "props": Object {
            "children": <Connect(DamageReportForm) />,
            "style": Object {
              "alignItems": "center",
              "display": "flex",
              "flex": 2,
            },
          },
          "ref": null,
          "rendered": Object {
            "instance": null,
            "key": undefined,
            "nodeType": "class",
            "props": Object {},
            "ref": null,
            "rendered": null,
            "type": [Function],
          },
          "type": [Function],
        },
      ],
      "type": "View",
    },
  ],
  Symbol(enzyme.__options__): Object {
    "adapter": ReactSixteenAdapter {
      "options": Object {
        "enableComponentDidUpdateOnSetState": true,
      },
    },
    "context": Object {
      "store": Object {
        "clearActions": [Function],
        "dispatch": [Function],
        "getActions": [Function],
        "getState": [Function],
        "replaceReducer": [Function],
        "subscribe": [Function],
      },
    },
  },
}
`;
