// Jest Snapshot v1, https://goo.gl/fbAQLP

exports[`Testing FuelRefillScreen Renders as expected 1`] = `
ShallowWrapper {
  "length": 1,
  Symbol(enzyme.__root__): [Circular],
  Symbol(enzyme.__unrendered__): <FuelRefillScreen
    getItems={[Function]}
    user="{\\"FuelNotification\\":true}"
  />,
  Symbol(enzyme.__renderer__): Object {
    "batchedUpdates": [Function],
    "getNode": [Function],
    "render": [Function],
    "simulateEvent": [Function],
    "unmount": [Function],
  },
  Symbol(enzyme.__node__): Object {
    "instance": null,
    "key": undefined,
    "nodeType": "class",
    "props": Object {
      "children": Array [
        <View
          style={
            Object {
              "alignContent": "center",
            }
          }
        />,
        <View
          style={
            Object {
              "flex": 1,
            }
          }
        >
          <Connect(FuelRefillForm) />
          <Styled(Content)
            contentContainerStyle={
              Object {
                "backgroundColor": "#002776",
                "flex": 2,
                "justifyContent": "flex-start",
              }
            }
            virtual={undefined}
          >
            <Connect(FuelRefillList) />
          </Styled(Content)>
        </View>,
      ],
      "style": Object {
        "backgroundColor": "#002776",
        "flex": 1,
      },
    },
    "ref": null,
    "rendered": Array [
      Object {
        "instance": null,
        "key": undefined,
        "nodeType": "class",
        "props": Object {
          "style": Object {
            "alignContent": "center",
          },
        },
        "ref": null,
        "rendered": null,
        "type": [Function],
      },
      Object {
        "instance": null,
        "key": undefined,
        "nodeType": "class",
        "props": Object {
          "children": Array [
            <Connect(FuelRefillForm) />,
            <Styled(Content)
              contentContainerStyle={
                Object {
                  "backgroundColor": "#002776",
                  "flex": 2,
                  "justifyContent": "flex-start",
                }
              }
              virtual={undefined}
            >
              <Connect(FuelRefillList) />
            </Styled(Content)>,
          ],
          "style": Object {
            "flex": 1,
          },
        },
        "ref": null,
        "rendered": Array [
          Object {
            "instance": null,
            "key": undefined,
            "nodeType": "class",
            "props": Object {},
            "ref": null,
            "rendered": null,
            "type": [Function],
          },
          Object {
            "instance": null,
            "key": undefined,
            "nodeType": "class",
            "props": Object {
              "children": <Connect(FuelRefillList) />,
              "contentContainerStyle": Object {
                "backgroundColor": "#002776",
                "flex": 2,
                "justifyContent": "flex-start",
              },
              "virtual": undefined,
            },
            "ref": null,
            "rendered": Object {
              "instance": null,
              "key": undefined,
              "nodeType": "class",
              "props": Object {},
              "ref": null,
              "rendered": null,
              "type": [Function],
            },
            "type": [Function],
          },
        ],
        "type": [Function],
      },
    ],
    "type": [Function],
  },
  Symbol(enzyme.__nodes__): Array [
    Object {
      "instance": null,
      "key": undefined,
      "nodeType": "class",
      "props": Object {
        "children": Array [
          <View
            style={
              Object {
                "alignContent": "center",
              }
            }
          />,
          <View
            style={
              Object {
                "flex": 1,
              }
            }
          >
            <Connect(FuelRefillForm) />
            <Styled(Content)
              contentContainerStyle={
                Object {
                  "backgroundColor": "#002776",
                  "flex": 2,
                  "justifyContent": "flex-start",
                }
              }
              virtual={undefined}
            >
              <Connect(FuelRefillList) />
            </Styled(Content)>
          </View>,
        ],
        "style": Object {
          "backgroundColor": "#002776",
          "flex": 1,
        },
      },
      "ref": null,
      "rendered": Array [
        Object {
          "instance": null,
          "key": undefined,
          "nodeType": "class",
          "props": Object {
            "style": Object {
              "alignContent": "center",
            },
          },
          "ref": null,
          "rendered": null,
          "type": [Function],
        },
        Object {
          "instance": null,
          "key": undefined,
          "nodeType": "class",
          "props": Object {
            "children": Array [
              <Connect(FuelRefillForm) />,
              <Styled(Content)
                contentContainerStyle={
                  Object {
                    "backgroundColor": "#002776",
                    "flex": 2,
                    "justifyContent": "flex-start",
                  }
                }
                virtual={undefined}
              >
                <Connect(FuelRefillList) />
              </Styled(Content)>,
            ],
            "style": Object {
              "flex": 1,
            },
          },
          "ref": null,
          "rendered": Array [
            Object {
              "instance": null,
              "key": undefined,
              "nodeType": "class",
              "props": Object {},
              "ref": null,
              "rendered": null,
              "type": [Function],
            },
            Object {
              "instance": null,
              "key": undefined,
              "nodeType": "class",
              "props": Object {
                "children": <Connect(FuelRefillList) />,
                "contentContainerStyle": Object {
                  "backgroundColor": "#002776",
                  "flex": 2,
                  "justifyContent": "flex-start",
                },
                "virtual": undefined,
              },
              "ref": null,
              "rendered": Object {
                "instance": null,
                "key": undefined,
                "nodeType": "class",
                "props": Object {},
                "ref": null,
                "rendered": null,
                "type": [Function],
              },
              "type": [Function],
            },
          ],
          "type": [Function],
        },
      ],
      "type": [Function],
    },
  ],
  Symbol(enzyme.__options__): Object {
    "adapter": ReactSixteenAdapter {
      "options": Object {
        "enableComponentDidUpdateOnSetState": true,
      },
    },
    "context": Object {
      "store": Object {
        "clearActions": [Function],
        "dispatch": [Function],
        "getActions": [Function],
        "getState": [Function],
        "replaceReducer": [Function],
        "subscribe": [Function],
      },
    },
  },
}
`;
