// Jest Snapshot v1, https://goo.gl/fbAQLP

exports[`Testing UserRegisterForm Renders as expected 1`] = `
ShallowWrapper {
  "length": 1,
  Symbol(enzyme.__root__): [Circular],
  Symbol(enzyme.__unrendered__): <UserRegisterForm
    addValues={[Function]}
    fetchData={[Function]}
    options={undefined}
    resetOptions={[Function]}
    values={
      Object {
        "Address": "AdrTest",
        "Email": "test@mail.no",
        "Fname": "FnameTest",
        "Lname": "LnameTest",
        "Password": "passwordTest",
      }
    }
    visibleModal={[Function]}
  />,
  Symbol(enzyme.__renderer__): Object {
    "batchedUpdates": [Function],
    "getNode": [Function],
    "render": [Function],
    "simulateEvent": [Function],
    "unmount": [Function],
  },
  Symbol(enzyme.__node__): Object {
    "instance": null,
    "key": undefined,
    "nodeType": "class",
    "props": Object {
      "children": Array [
        <Form
          i18n={
            Object {
              "add": "Add",
              "down": "↓",
              "optional": " (optional)",
              "remove": "✘",
              "required": "",
              "up": "↑",
            }
          }
          onChange={[Function]}
          options={undefined}
          stylesheet={
            Object {
              "button": Object {
                "alignSelf": "stretch",
                "backgroundColor": "#48BBEC",
                "borderColor": "#48BBEC",
                "borderRadius": 8,
                "borderWidth": 1,
                "height": 36,
                "justifyContent": "center",
                "marginBottom": 10,
              },
              "buttonText": Object {
                "alignSelf": "center",
                "color": "white",
                "fontSize": 18,
              },
              "checkbox": Object {
                "error": Object {
                  "marginBottom": 4,
                },
                "normal": Object {
                  "marginBottom": 4,
                },
              },
              "controlLabel": Object {
                "error": Object {
                  "color": "#fff",
                  "fontSize": 17,
                  "fontWeight": "500",
                  "marginBottom": 7,
                },
                "normal": Object {
                  "color": "#fff",
                  "fontSize": 17,
                  "fontWeight": "500",
                  "marginBottom": 7,
                },
              },
              "dateTouchable": Object {
                "error": Object {},
                "normal": Object {},
              },
              "dateValue": Object {
                "error": Object {
                  "color": "#a94442",
                  "fontSize": 17,
                  "marginBottom": 5,
                  "padding": 7,
                },
                "normal": Object {
                  "color": "#000000",
                  "fontSize": 17,
                  "marginBottom": 5,
                  "padding": 7,
                },
              },
              "datepicker": Object {
                "error": Object {
                  "marginBottom": 4,
                },
                "normal": Object {
                  "marginBottom": 4,
                },
              },
              "errorBlock": Object {
                "color": "#db2b1e",
                "fontSize": 17,
                "marginBottom": 2,
              },
              "fieldset": Object {},
              "formGroup": Object {
                "error": Object {
                  "marginBottom": 10,
                  "width": 730,
                },
                "normal": Object {
                  "marginBottom": 10,
                  "width": 730,
                },
              },
              "helpBlock": Object {
                "error": Object {
                  "color": "#999999",
                  "fontSize": 17,
                  "marginBottom": 2,
                },
                "normal": Object {
                  "color": "#999999",
                  "fontSize": 17,
                  "marginBottom": 2,
                },
              },
              "pickerContainer": Object {
                "error": Object {
                  "borderColor": "#a94442",
                  "borderRadius": 4,
                  "borderWidth": 1,
                  "marginBottom": 4,
                },
                "normal": Object {
                  "backgroundColor": "#fff",
                  "borderColor": "#cccccc",
                  "borderRadius": 4,
                  "borderWidth": 1,
                  "marginBottom": 4,
                },
                "open": Object {},
              },
              "pickerTouchable": Object {
                "active": Object {
                  "borderBottomWidth": 1,
                  "borderColor": "#cccccc",
                },
                "error": Object {
                  "alignItems": "center",
                  "flexDirection": "row",
                  "height": 44,
                },
                "normal": Object {
                  "alignItems": "center",
                  "flexDirection": "row",
                  "height": 44,
                },
              },
              "pickerValue": Object {
                "error": Object {
                  "fontSize": 17,
                  "paddingLeft": 7,
                },
                "normal": Object {
                  "fontSize": 17,
                  "marginLeft": "auto",
                  "marginRight": "auto",
                  "paddingLeft": 7,
                },
              },
              "select": Object {
                "error": Object {},
                "normal": Object {},
              },
              "textbox": Object {
                "error": Object {
                  "backgroundColor": "#fff",
                  "borderColor": "#a94442",
                  "borderRadius": 4,
                  "borderWidth": 3,
                  "color": "#000000",
                  "fontSize": 20,
                  "height": 40,
                  "marginBottom": 5,
                  "paddingHorizontal": 7,
                  "paddingVertical": 7,
                },
                "normal": Object {
                  "backgroundColor": "#fff",
                  "borderColor": "#cccccc",
                  "borderRadius": 4,
                  "borderWidth": 1,
                  "color": "#000",
                  "fontSize": 20,
                  "height": 40,
                  "marginBottom": 5,
                  "paddingHorizontal": 7,
                  "paddingVertical": 7,
                },
                "notEditable": Object {
                  "backgroundColor": "#eeeeee",
                  "borderColor": "#cccccc",
                  "borderRadius": 4,
                  "borderWidth": 1,
                  "color": "#777777",
                  "fontSize": 17,
                  "height": 36,
                  "marginBottom": 5,
                  "paddingHorizontal": 7,
                  "paddingVertical": 7,
                },
              },
              "textboxView": Object {
                "error": Object {},
                "normal": Object {},
                "notEditable": Object {},
              },
            }
          }
          templates={
            Object {
              "checkbox": [Function],
              "datepicker": [Function],
              "list": [Function],
              "select": [Function],
              "struct": [Function],
              "textbox": [Function],
            }
          }
          type={[Function]}
          value={
            Object {
              "Address": "AdrTest",
              "Email": "test@mail.no",
              "Fname": "FnameTest",
              "Lname": "LnameTest",
              "Password": "passwordTest",
            }
          }
        />,
        <Styled(Content)
          virtual={undefined}
        >
          <Styled(Button)
            bordered={true}
            light={true}
            onPress={[Function]}
            virtual={undefined}
          >
            <Styled(Text)
              virtual={undefined}
            >
               Registrer 
            </Styled(Text)>
          </Styled(Button)>
        </Styled(Content)>,
      ],
      "style": Object {
        "alignItems": "center",
        "backgroundColor": "#002776",
        "flex": 1,
        "justifyContent": "center",
        "padding": 10,
      },
    },
    "ref": null,
    "rendered": Array [
      Object {
        "instance": null,
        "key": undefined,
        "nodeType": "class",
        "props": Object {
          "i18n": Object {
            "add": "Add",
            "down": "↓",
            "optional": " (optional)",
            "remove": "✘",
            "required": "",
            "up": "↑",
          },
          "onChange": [Function],
          "options": undefined,
          "stylesheet": Object {
            "button": Object {
              "alignSelf": "stretch",
              "backgroundColor": "#48BBEC",
              "borderColor": "#48BBEC",
              "borderRadius": 8,
              "borderWidth": 1,
              "height": 36,
              "justifyContent": "center",
              "marginBottom": 10,
            },
            "buttonText": Object {
              "alignSelf": "center",
              "color": "white",
              "fontSize": 18,
            },
            "checkbox": Object {
              "error": Object {
                "marginBottom": 4,
              },
              "normal": Object {
                "marginBottom": 4,
              },
            },
            "controlLabel": Object {
              "error": Object {
                "color": "#fff",
                "fontSize": 17,
                "fontWeight": "500",
                "marginBottom": 7,
              },
              "normal": Object {
                "color": "#fff",
                "fontSize": 17,
                "fontWeight": "500",
                "marginBottom": 7,
              },
            },
            "dateTouchable": Object {
              "error": Object {},
              "normal": Object {},
            },
            "dateValue": Object {
              "error": Object {
                "color": "#a94442",
                "fontSize": 17,
                "marginBottom": 5,
                "padding": 7,
              },
              "normal": Object {
                "color": "#000000",
                "fontSize": 17,
                "marginBottom": 5,
                "padding": 7,
              },
            },
            "datepicker": Object {
              "error": Object {
                "marginBottom": 4,
              },
              "normal": Object {
                "marginBottom": 4,
              },
            },
            "errorBlock": Object {
              "color": "#db2b1e",
              "fontSize": 17,
              "marginBottom": 2,
            },
            "fieldset": Object {},
            "formGroup": Object {
              "error": Object {
                "marginBottom": 10,
                "width": 730,
              },
              "normal": Object {
                "marginBottom": 10,
                "width": 730,
              },
            },
            "helpBlock": Object {
              "error": Object {
                "color": "#999999",
                "fontSize": 17,
                "marginBottom": 2,
              },
              "normal": Object {
                "color": "#999999",
                "fontSize": 17,
                "marginBottom": 2,
              },
            },
            "pickerContainer": Object {
              "error": Object {
                "borderColor": "#a94442",
                "borderRadius": 4,
                "borderWidth": 1,
                "marginBottom": 4,
              },
              "normal": Object {
                "backgroundColor": "#fff",
                "borderColor": "#cccccc",
                "borderRadius": 4,
                "borderWidth": 1,
                "marginBottom": 4,
              },
              "open": Object {},
            },
            "pickerTouchable": Object {
              "active": Object {
                "borderBottomWidth": 1,
                "borderColor": "#cccccc",
              },
              "error": Object {
                "alignItems": "center",
                "flexDirection": "row",
                "height": 44,
              },
              "normal": Object {
                "alignItems": "center",
                "flexDirection": "row",
                "height": 44,
              },
            },
            "pickerValue": Object {
              "error": Object {
                "fontSize": 17,
                "paddingLeft": 7,
              },
              "normal": Object {
                "fontSize": 17,
                "marginLeft": "auto",
                "marginRight": "auto",
                "paddingLeft": 7,
              },
            },
            "select": Object {
              "error": Object {},
              "normal": Object {},
            },
            "textbox": Object {
              "error": Object {
                "backgroundColor": "#fff",
                "borderColor": "#a94442",
                "borderRadius": 4,
                "borderWidth": 3,
                "color": "#000000",
                "fontSize": 20,
                "height": 40,
                "marginBottom": 5,
                "paddingHorizontal": 7,
                "paddingVertical": 7,
              },
              "normal": Object {
                "backgroundColor": "#fff",
                "borderColor": "#cccccc",
                "borderRadius": 4,
                "borderWidth": 1,
                "color": "#000",
                "fontSize": 20,
                "height": 40,
                "marginBottom": 5,
                "paddingHorizontal": 7,
                "paddingVertical": 7,
              },
              "notEditable": Object {
                "backgroundColor": "#eeeeee",
                "borderColor": "#cccccc",
                "borderRadius": 4,
                "borderWidth": 1,
                "color": "#777777",
                "fontSize": 17,
                "height": 36,
                "marginBottom": 5,
                "paddingHorizontal": 7,
                "paddingVertical": 7,
              },
            },
            "textboxView": Object {
              "error": Object {},
              "normal": Object {},
              "notEditable": Object {},
            },
          },
          "templates": Object {
            "checkbox": [Function],
            "datepicker": [Function],
            "list": [Function],
            "select": [Function],
            "struct": [Function],
            "textbox": [Function],
          },
          "type": [Function],
          "value": Object {
            "Address": "AdrTest",
            "Email": "test@mail.no",
            "Fname": "FnameTest",
            "Lname": "LnameTest",
            "Password": "passwordTest",
          },
        },
        "ref": [Function],
        "rendered": null,
        "type": [Function],
      },
      Object {
        "instance": null,
        "key": undefined,
        "nodeType": "class",
        "props": Object {
          "children": <Styled(Button)
            bordered={true}
            light={true}
            onPress={[Function]}
            virtual={undefined}
          >
            <Styled(Text)
              virtual={undefined}
            >
               Registrer 
            </Styled(Text)>
          </Styled(Button)>,
          "virtual": undefined,
        },
        "ref": null,
        "rendered": Object {
          "instance": null,
          "key": undefined,
          "nodeType": "class",
          "props": Object {
            "bordered": true,
            "children": <Styled(Text)
              virtual={undefined}
            >
               Registrer 
            </Styled(Text)>,
            "light": true,
            "onPress": [Function],
            "virtual": undefined,
          },
          "ref": null,
          "rendered": Object {
            "instance": null,
            "key": undefined,
            "nodeType": "class",
            "props": Object {
              "children": " Registrer ",
              "virtual": undefined,
            },
            "ref": null,
            "rendered": " Registrer ",
            "type": [Function],
          },
          "type": [Function],
        },
        "type": [Function],
      },
    ],
    "type": [Function],
  },
  Symbol(enzyme.__nodes__): Array [
    Object {
      "instance": null,
      "key": undefined,
      "nodeType": "class",
      "props": Object {
        "children": Array [
          <Form
            i18n={
              Object {
                "add": "Add",
                "down": "↓",
                "optional": " (optional)",
                "remove": "✘",
                "required": "",
                "up": "↑",
              }
            }
            onChange={[Function]}
            options={undefined}
            stylesheet={
              Object {
                "button": Object {
                  "alignSelf": "stretch",
                  "backgroundColor": "#48BBEC",
                  "borderColor": "#48BBEC",
                  "borderRadius": 8,
                  "borderWidth": 1,
                  "height": 36,
                  "justifyContent": "center",
                  "marginBottom": 10,
                },
                "buttonText": Object {
                  "alignSelf": "center",
                  "color": "white",
                  "fontSize": 18,
                },
                "checkbox": Object {
                  "error": Object {
                    "marginBottom": 4,
                  },
                  "normal": Object {
                    "marginBottom": 4,
                  },
                },
                "controlLabel": Object {
                  "error": Object {
                    "color": "#fff",
                    "fontSize": 17,
                    "fontWeight": "500",
                    "marginBottom": 7,
                  },
                  "normal": Object {
                    "color": "#fff",
                    "fontSize": 17,
                    "fontWeight": "500",
                    "marginBottom": 7,
                  },
                },
                "dateTouchable": Object {
                  "error": Object {},
                  "normal": Object {},
                },
                "dateValue": Object {
                  "error": Object {
                    "color": "#a94442",
                    "fontSize": 17,
                    "marginBottom": 5,
                    "padding": 7,
                  },
                  "normal": Object {
                    "color": "#000000",
                    "fontSize": 17,
                    "marginBottom": 5,
                    "padding": 7,
                  },
                },
                "datepicker": Object {
                  "error": Object {
                    "marginBottom": 4,
                  },
                  "normal": Object {
                    "marginBottom": 4,
                  },
                },
                "errorBlock": Object {
                  "color": "#db2b1e",
                  "fontSize": 17,
                  "marginBottom": 2,
                },
                "fieldset": Object {},
                "formGroup": Object {
                  "error": Object {
                    "marginBottom": 10,
                    "width": 730,
                  },
                  "normal": Object {
                    "marginBottom": 10,
                    "width": 730,
                  },
                },
                "helpBlock": Object {
                  "error": Object {
                    "color": "#999999",
                    "fontSize": 17,
                    "marginBottom": 2,
                  },
                  "normal": Object {
                    "color": "#999999",
                    "fontSize": 17,
                    "marginBottom": 2,
                  },
                },
                "pickerContainer": Object {
                  "error": Object {
                    "borderColor": "#a94442",
                    "borderRadius": 4,
                    "borderWidth": 1,
                    "marginBottom": 4,
                  },
                  "normal": Object {
                    "backgroundColor": "#fff",
                    "borderColor": "#cccccc",
                    "borderRadius": 4,
                    "borderWidth": 1,
                    "marginBottom": 4,
                  },
                  "open": Object {},
                },
                "pickerTouchable": Object {
                  "active": Object {
                    "borderBottomWidth": 1,
                    "borderColor": "#cccccc",
                  },
                  "error": Object {
                    "alignItems": "center",
                    "flexDirection": "row",
                    "height": 44,
                  },
                  "normal": Object {
                    "alignItems": "center",
                    "flexDirection": "row",
                    "height": 44,
                  },
                },
                "pickerValue": Object {
                  "error": Object {
                    "fontSize": 17,
                    "paddingLeft": 7,
                  },
                  "normal": Object {
                    "fontSize": 17,
                    "marginLeft": "auto",
                    "marginRight": "auto",
                    "paddingLeft": 7,
                  },
                },
                "select": Object {
                  "error": Object {},
                  "normal": Object {},
                },
                "textbox": Object {
                  "error": Object {
                    "backgroundColor": "#fff",
                    "borderColor": "#a94442",
                    "borderRadius": 4,
                    "borderWidth": 3,
                    "color": "#000000",
                    "fontSize": 20,
                    "height": 40,
                    "marginBottom": 5,
                    "paddingHorizontal": 7,
                    "paddingVertical": 7,
                  },
                  "normal": Object {
                    "backgroundColor": "#fff",
                    "borderColor": "#cccccc",
                    "borderRadius": 4,
                    "borderWidth": 1,
                    "color": "#000",
                    "fontSize": 20,
                    "height": 40,
                    "marginBottom": 5,
                    "paddingHorizontal": 7,
                    "paddingVertical": 7,
                  },
                  "notEditable": Object {
                    "backgroundColor": "#eeeeee",
                    "borderColor": "#cccccc",
                    "borderRadius": 4,
                    "borderWidth": 1,
                    "color": "#777777",
                    "fontSize": 17,
                    "height": 36,
                    "marginBottom": 5,
                    "paddingHorizontal": 7,
                    "paddingVertical": 7,
                  },
                },
                "textboxView": Object {
                  "error": Object {},
                  "normal": Object {},
                  "notEditable": Object {},
                },
              }
            }
            templates={
              Object {
                "checkbox": [Function],
                "datepicker": [Function],
                "list": [Function],
                "select": [Function],
                "struct": [Function],
                "textbox": [Function],
              }
            }
            type={[Function]}
            value={
              Object {
                "Address": "AdrTest",
                "Email": "test@mail.no",
                "Fname": "FnameTest",
                "Lname": "LnameTest",
                "Password": "passwordTest",
              }
            }
          />,
          <Styled(Content)
            virtual={undefined}
          >
            <Styled(Button)
              bordered={true}
              light={true}
              onPress={[Function]}
              virtual={undefined}
            >
              <Styled(Text)
                virtual={undefined}
              >
                 Registrer 
              </Styled(Text)>
            </Styled(Button)>
          </Styled(Content)>,
        ],
        "style": Object {
          "alignItems": "center",
          "backgroundColor": "#002776",
          "flex": 1,
          "justifyContent": "center",
          "padding": 10,
        },
      },
      "ref": null,
      "rendered": Array [
        Object {
          "instance": null,
          "key": undefined,
          "nodeType": "class",
          "props": Object {
            "i18n": Object {
              "add": "Add",
              "down": "↓",
              "optional": " (optional)",
              "remove": "✘",
              "required": "",
              "up": "↑",
            },
            "onChange": [Function],
            "options": undefined,
            "stylesheet": Object {
              "button": Object {
                "alignSelf": "stretch",
                "backgroundColor": "#48BBEC",
                "borderColor": "#48BBEC",
                "borderRadius": 8,
                "borderWidth": 1,
                "height": 36,
                "justifyContent": "center",
                "marginBottom": 10,
              },
              "buttonText": Object {
                "alignSelf": "center",
                "color": "white",
                "fontSize": 18,
              },
              "checkbox": Object {
                "error": Object {
                  "marginBottom": 4,
                },
                "normal": Object {
                  "marginBottom": 4,
                },
              },
              "controlLabel": Object {
                "error": Object {
                  "color": "#fff",
                  "fontSize": 17,
                  "fontWeight": "500",
                  "marginBottom": 7,
                },
                "normal": Object {
                  "color": "#fff",
                  "fontSize": 17,
                  "fontWeight": "500",
                  "marginBottom": 7,
                },
              },
              "dateTouchable": Object {
                "error": Object {},
                "normal": Object {},
              },
              "dateValue": Object {
                "error": Object {
                  "color": "#a94442",
                  "fontSize": 17,
                  "marginBottom": 5,
                  "padding": 7,
                },
                "normal": Object {
                  "color": "#000000",
                  "fontSize": 17,
                  "marginBottom": 5,
                  "padding": 7,
                },
              },
              "datepicker": Object {
                "error": Object {
                  "marginBottom": 4,
                },
                "normal": Object {
                  "marginBottom": 4,
                },
              },
              "errorBlock": Object {
                "color": "#db2b1e",
                "fontSize": 17,
                "marginBottom": 2,
              },
              "fieldset": Object {},
              "formGroup": Object {
                "error": Object {
                  "marginBottom": 10,
                  "width": 730,
                },
                "normal": Object {
                  "marginBottom": 10,
                  "width": 730,
                },
              },
              "helpBlock": Object {
                "error": Object {
                  "color": "#999999",
                  "fontSize": 17,
                  "marginBottom": 2,
                },
                "normal": Object {
                  "color": "#999999",
                  "fontSize": 17,
                  "marginBottom": 2,
                },
              },
              "pickerContainer": Object {
                "error": Object {
                  "borderColor": "#a94442",
                  "borderRadius": 4,
                  "borderWidth": 1,
                  "marginBottom": 4,
                },
                "normal": Object {
                  "backgroundColor": "#fff",
                  "borderColor": "#cccccc",
                  "borderRadius": 4,
                  "borderWidth": 1,
                  "marginBottom": 4,
                },
                "open": Object {},
              },
              "pickerTouchable": Object {
                "active": Object {
                  "borderBottomWidth": 1,
                  "borderColor": "#cccccc",
                },
                "error": Object {
                  "alignItems": "center",
                  "flexDirection": "row",
                  "height": 44,
                },
                "normal": Object {
                  "alignItems": "center",
                  "flexDirection": "row",
                  "height": 44,
                },
              },
              "pickerValue": Object {
                "error": Object {
                  "fontSize": 17,
                  "paddingLeft": 7,
                },
                "normal": Object {
                  "fontSize": 17,
                  "marginLeft": "auto",
                  "marginRight": "auto",
                  "paddingLeft": 7,
                },
              },
              "select": Object {
                "error": Object {},
                "normal": Object {},
              },
              "textbox": Object {
                "error": Object {
                  "backgroundColor": "#fff",
                  "borderColor": "#a94442",
                  "borderRadius": 4,
                  "borderWidth": 3,
                  "color": "#000000",
                  "fontSize": 20,
                  "height": 40,
                  "marginBottom": 5,
                  "paddingHorizontal": 7,
                  "paddingVertical": 7,
                },
                "normal": Object {
                  "backgroundColor": "#fff",
                  "borderColor": "#cccccc",
                  "borderRadius": 4,
                  "borderWidth": 1,
                  "color": "#000",
                  "fontSize": 20,
                  "height": 40,
                  "marginBottom": 5,
                  "paddingHorizontal": 7,
                  "paddingVertical": 7,
                },
                "notEditable": Object {
                  "backgroundColor": "#eeeeee",
                  "borderColor": "#cccccc",
                  "borderRadius": 4,
                  "borderWidth": 1,
                  "color": "#777777",
                  "fontSize": 17,
                  "height": 36,
                  "marginBottom": 5,
                  "paddingHorizontal": 7,
                  "paddingVertical": 7,
                },
              },
              "textboxView": Object {
                "error": Object {},
                "normal": Object {},
                "notEditable": Object {},
              },
            },
            "templates": Object {
              "checkbox": [Function],
              "datepicker": [Function],
              "list": [Function],
              "select": [Function],
              "struct": [Function],
              "textbox": [Function],
            },
            "type": [Function],
            "value": Object {
              "Address": "AdrTest",
              "Email": "test@mail.no",
              "Fname": "FnameTest",
              "Lname": "LnameTest",
              "Password": "passwordTest",
            },
          },
          "ref": [Function],
          "rendered": null,
          "type": [Function],
        },
        Object {
          "instance": null,
          "key": undefined,
          "nodeType": "class",
          "props": Object {
            "children": <Styled(Button)
              bordered={true}
              light={true}
              onPress={[Function]}
              virtual={undefined}
            >
              <Styled(Text)
                virtual={undefined}
              >
                 Registrer 
              </Styled(Text)>
            </Styled(Button)>,
            "virtual": undefined,
          },
          "ref": null,
          "rendered": Object {
            "instance": null,
            "key": undefined,
            "nodeType": "class",
            "props": Object {
              "bordered": true,
              "children": <Styled(Text)
                virtual={undefined}
              >
                 Registrer 
              </Styled(Text)>,
              "light": true,
              "onPress": [Function],
              "virtual": undefined,
            },
            "ref": null,
            "rendered": Object {
              "instance": null,
              "key": undefined,
              "nodeType": "class",
              "props": Object {
                "children": " Registrer ",
                "virtual": undefined,
              },
              "ref": null,
              "rendered": " Registrer ",
              "type": [Function],
            },
            "type": [Function],
          },
          "type": [Function],
        },
      ],
      "type": [Function],
    },
  ],
  Symbol(enzyme.__options__): Object {
    "adapter": ReactSixteenAdapter {
      "options": Object {
        "enableComponentDidUpdateOnSetState": true,
      },
    },
    "context": Object {
      "store": Object {
        "clearActions": [Function],
        "dispatch": [Function],
        "getActions": [Function],
        "getState": [Function],
        "replaceReducer": [Function],
        "subscribe": [Function],
      },
    },
  },
}
`;
