// Jest Snapshot v1, https://goo.gl/fbAQLP

exports[`Testing UserRegisterModal Renders as expected 1`] = `
ShallowWrapper {
  "length": 1,
  Symbol(enzyme.__root__): [Circular],
  Symbol(enzyme.__unrendered__): <UserRegisterModal
    login={[Function]}
    modalTransparent={undefined}
    modalVisible={undefined}
    values={
      Object {
        "Address": "AdrTest",
        "Email": "test@mail.no",
        "Fname": "FnameTest",
        "Lname": "LnameTest",
        "Password": "passwordTest",
      }
    }
  />,
  Symbol(enzyme.__renderer__): Object {
    "batchedUpdates": [Function],
    "getNode": [Function],
    "render": [Function],
    "simulateEvent": [Function],
    "unmount": [Function],
  },
  Symbol(enzyme.__node__): Object {
    "instance": null,
    "key": undefined,
    "nodeType": "class",
    "props": Object {
      "animationType": "slide",
      "children": <View
        style={
          Object {
            "alignItems": "center",
            "backgroundColor": "#002776",
            "flex": 1,
            "justifyContent": "center",
            "padding": 10,
          }
        }
      >
        <Text
          accessible={true}
          allowFontScaling={true}
          ellipsizeMode="tail"
          style={
            Object {
              "color": "#fff",
            }
          }
          testID="RegisterModalTextField"
        >
          Registrering godkjent
        </Text>
        <Styled(Button)
          light={true}
          onPress={[Function]}
          style={
            Object {
              "alignSelf": "center",
              "marginTop": 10,
              "paddingLeft": 10,
              "paddingRight": 10,
            }
          }
          virtual={undefined}
        >
          <Text
            accessible={true}
            allowFontScaling={true}
            ellipsizeMode="tail"
          >
            Logg inn
          </Text>
        </Styled(Button)>
      </View>,
      "hardwareAccelerated": false,
      "onRequestClose": [Function],
      "transparent": undefined,
      "visible": true,
    },
    "ref": null,
    "rendered": Object {
      "instance": null,
      "key": undefined,
      "nodeType": "class",
      "props": Object {
        "children": Array [
          <Text
            accessible={true}
            allowFontScaling={true}
            ellipsizeMode="tail"
            style={
              Object {
                "color": "#fff",
              }
            }
            testID="RegisterModalTextField"
          >
            Registrering godkjent
          </Text>,
          <Styled(Button)
            light={true}
            onPress={[Function]}
            style={
              Object {
                "alignSelf": "center",
                "marginTop": 10,
                "paddingLeft": 10,
                "paddingRight": 10,
              }
            }
            virtual={undefined}
          >
            <Text
              accessible={true}
              allowFontScaling={true}
              ellipsizeMode="tail"
            >
              Logg inn
            </Text>
          </Styled(Button)>,
        ],
        "style": Object {
          "alignItems": "center",
          "backgroundColor": "#002776",
          "flex": 1,
          "justifyContent": "center",
          "padding": 10,
        },
      },
      "ref": null,
      "rendered": Array [
        Object {
          "instance": null,
          "key": undefined,
          "nodeType": "class",
          "props": Object {
            "accessible": true,
            "allowFontScaling": true,
            "children": "Registrering godkjent",
            "ellipsizeMode": "tail",
            "style": Object {
              "color": "#fff",
            },
            "testID": "RegisterModalTextField",
          },
          "ref": null,
          "rendered": "Registrering godkjent",
          "type": [Function],
        },
        Object {
          "instance": null,
          "key": undefined,
          "nodeType": "class",
          "props": Object {
            "children": <Text
              accessible={true}
              allowFontScaling={true}
              ellipsizeMode="tail"
            >
              Logg inn
            </Text>,
            "light": true,
            "onPress": [Function],
            "style": Object {
              "alignSelf": "center",
              "marginTop": 10,
              "paddingLeft": 10,
              "paddingRight": 10,
            },
            "virtual": undefined,
          },
          "ref": null,
          "rendered": Object {
            "instance": null,
            "key": undefined,
            "nodeType": "class",
            "props": Object {
              "accessible": true,
              "allowFontScaling": true,
              "children": "Logg inn",
              "ellipsizeMode": "tail",
            },
            "ref": null,
            "rendered": "Logg inn",
            "type": [Function],
          },
          "type": [Function],
        },
      ],
      "type": [Function],
    },
    "type": [Function],
  },
  Symbol(enzyme.__nodes__): Array [
    Object {
      "instance": null,
      "key": undefined,
      "nodeType": "class",
      "props": Object {
        "animationType": "slide",
        "children": <View
          style={
            Object {
              "alignItems": "center",
              "backgroundColor": "#002776",
              "flex": 1,
              "justifyContent": "center",
              "padding": 10,
            }
          }
        >
          <Text
            accessible={true}
            allowFontScaling={true}
            ellipsizeMode="tail"
            style={
              Object {
                "color": "#fff",
              }
            }
            testID="RegisterModalTextField"
          >
            Registrering godkjent
          </Text>
          <Styled(Button)
            light={true}
            onPress={[Function]}
            style={
              Object {
                "alignSelf": "center",
                "marginTop": 10,
                "paddingLeft": 10,
                "paddingRight": 10,
              }
            }
            virtual={undefined}
          >
            <Text
              accessible={true}
              allowFontScaling={true}
              ellipsizeMode="tail"
            >
              Logg inn
            </Text>
          </Styled(Button)>
        </View>,
        "hardwareAccelerated": false,
        "onRequestClose": [Function],
        "transparent": undefined,
        "visible": true,
      },
      "ref": null,
      "rendered": Object {
        "instance": null,
        "key": undefined,
        "nodeType": "class",
        "props": Object {
          "children": Array [
            <Text
              accessible={true}
              allowFontScaling={true}
              ellipsizeMode="tail"
              style={
                Object {
                  "color": "#fff",
                }
              }
              testID="RegisterModalTextField"
            >
              Registrering godkjent
            </Text>,
            <Styled(Button)
              light={true}
              onPress={[Function]}
              style={
                Object {
                  "alignSelf": "center",
                  "marginTop": 10,
                  "paddingLeft": 10,
                  "paddingRight": 10,
                }
              }
              virtual={undefined}
            >
              <Text
                accessible={true}
                allowFontScaling={true}
                ellipsizeMode="tail"
              >
                Logg inn
              </Text>
            </Styled(Button)>,
          ],
          "style": Object {
            "alignItems": "center",
            "backgroundColor": "#002776",
            "flex": 1,
            "justifyContent": "center",
            "padding": 10,
          },
        },
        "ref": null,
        "rendered": Array [
          Object {
            "instance": null,
            "key": undefined,
            "nodeType": "class",
            "props": Object {
              "accessible": true,
              "allowFontScaling": true,
              "children": "Registrering godkjent",
              "ellipsizeMode": "tail",
              "style": Object {
                "color": "#fff",
              },
              "testID": "RegisterModalTextField",
            },
            "ref": null,
            "rendered": "Registrering godkjent",
            "type": [Function],
          },
          Object {
            "instance": null,
            "key": undefined,
            "nodeType": "class",
            "props": Object {
              "children": <Text
                accessible={true}
                allowFontScaling={true}
                ellipsizeMode="tail"
              >
                Logg inn
              </Text>,
              "light": true,
              "onPress": [Function],
              "style": Object {
                "alignSelf": "center",
                "marginTop": 10,
                "paddingLeft": 10,
                "paddingRight": 10,
              },
              "virtual": undefined,
            },
            "ref": null,
            "rendered": Object {
              "instance": null,
              "key": undefined,
              "nodeType": "class",
              "props": Object {
                "accessible": true,
                "allowFontScaling": true,
                "children": "Logg inn",
                "ellipsizeMode": "tail",
              },
              "ref": null,
              "rendered": "Logg inn",
              "type": [Function],
            },
            "type": [Function],
          },
        ],
        "type": [Function],
      },
      "type": [Function],
    },
  ],
  Symbol(enzyme.__options__): Object {
    "adapter": ReactSixteenAdapter {
      "options": Object {
        "enableComponentDidUpdateOnSetState": true,
      },
    },
    "context": Object {
      "store": Object {
        "clearActions": [Function],
        "dispatch": [Function],
        "getActions": [Function],
        "getState": [Function],
        "replaceReducer": [Function],
        "subscribe": [Function],
      },
    },
  },
}
`;
