// Jest Snapshot v1, https://goo.gl/fbAQLP

exports[`Testing menuScreen Renders as expected 1`] = `
ShallowWrapper {
  "length": 1,
  Symbol(enzyme.__root__): [Circular],
  Symbol(enzyme.__unrendered__): <View
    style={
      Object {
        "display": "flex",
        "flex": 1,
      }
    }
  >
    <View
      style={
        Object {
          "flex": 1,
        }
      }
    >
      <_default
        activeDotColor="white"
        automaticallyAdjustContentInsets={false}
        autoplay={false}
        autoplayDirection={true}
        autoplayTimeout={2.5}
        bounces={false}
        disableNextButton={false}
        dotColor="lightgrey"
        horizontal={true}
        index={0}
        loadMinimal={false}
        loadMinimalSize={1}
        loop={true}
        onIndexChanged={[Function]}
        pagingEnabled={true}
        removeClippedSubviews={true}
        scrollsToTop={false}
        showsButtons={false}
        showsHorizontalScrollIndicator={false}
        showsPagination={true}
        showsVerticalScrollIndicator={false}
        style={undefined}
      >
        <Connect(Slide1) />
        <Connect(Slide2) />
        <View
          style={
            Object {
              "alignItems": "center",
              "backgroundColor": "rgb(000, 039, 118)",
              "flex": 1,
              "justifyContent": "center",
            }
          }
        >
          <Image
            resizeMode="contain"
            source={
              Object {
                "process": [Function],
              }
            }
            style={
              Object {
                "width": 441.1764705882353,
              }
            }
          />
        </View>
      </_default>
    </View>
    <View
      style={
        Object {
          "backgroundColor": "rgb(000, 039, 118)",
          "display": "flex",
          "flex": 1,
          "flexDirection": "row",
          "flexWrap": "wrap",
          "justifyContent": "center",
          "paddingTop": 13.34,
        }
      }
    >
      <Connect(MenuBox)
        image={
          Object {
            "process": [Function],
          }
        }
        pageName="Drivstoff"
        routeName="FuelRefill"
      />
      <Connect(MenuBox)
        image={
          Object {
            "process": [Function],
          }
        }
        pageName="Kjørebok"
        routeName="TravelLog"
      />
      <Connect(MenuBox)
        image={
          Object {
            "process": [Function],
          }
        }
        pageName="Skade"
        routeName="DamageReport"
      />
      <Connect(MenuBox)
        image={
          Object {
            "process": [Function],
          }
        }
        pageName="Placeholder"
        routeName="Profile"
      />
      <Connect(MenuBox)
        image={
          Object {
            "process": [Function],
          }
        }
        pageName="Placeholder"
        routeName="RegisterCompany"
      />
      <Connect(MenuBox)
        image={
          Object {
            "process": [Function],
          }
        }
        pageName="Placeholder"
        routeName="Profile"
      />
    </View>
  </View>,
  Symbol(enzyme.__renderer__): Object {
    "batchedUpdates": [Function],
    "getNode": [Function],
    "render": [Function],
    "simulateEvent": [Function],
    "unmount": [Function],
  },
  Symbol(enzyme.__node__): Object {
    "instance": null,
    "key": undefined,
    "nodeType": "host",
    "props": Object {
      "children": Array [
        <View
          style={
            Object {
              "flex": 1,
            }
          }
        >
          <_default
            activeDotColor="white"
            automaticallyAdjustContentInsets={false}
            autoplay={false}
            autoplayDirection={true}
            autoplayTimeout={2.5}
            bounces={false}
            disableNextButton={false}
            dotColor="lightgrey"
            horizontal={true}
            index={0}
            loadMinimal={false}
            loadMinimalSize={1}
            loop={true}
            onIndexChanged={[Function]}
            pagingEnabled={true}
            removeClippedSubviews={true}
            scrollsToTop={false}
            showsButtons={false}
            showsHorizontalScrollIndicator={false}
            showsPagination={true}
            showsVerticalScrollIndicator={false}
            style={undefined}
          >
            <Connect(Slide1) />
            <Connect(Slide2) />
            <View
              style={
                Object {
                  "alignItems": "center",
                  "backgroundColor": "rgb(000, 039, 118)",
                  "flex": 1,
                  "justifyContent": "center",
                }
              }
            >
              <Image
                resizeMode="contain"
                source={
                  Object {
                    "process": [Function],
                  }
                }
                style={
                  Object {
                    "width": 441.1764705882353,
                  }
                }
              />
            </View>
          </_default>
        </View>,
        <View
          style={
            Object {
              "backgroundColor": "rgb(000, 039, 118)",
              "display": "flex",
              "flex": 1,
              "flexDirection": "row",
              "flexWrap": "wrap",
              "justifyContent": "center",
              "paddingTop": 13.34,
            }
          }
        >
          <Connect(MenuBox)
            image={
              Object {
                "process": [Function],
              }
            }
            pageName="Drivstoff"
            routeName="FuelRefill"
          />
          <Connect(MenuBox)
            image={
              Object {
                "process": [Function],
              }
            }
            pageName="Kjørebok"
            routeName="TravelLog"
          />
          <Connect(MenuBox)
            image={
              Object {
                "process": [Function],
              }
            }
            pageName="Skade"
            routeName="DamageReport"
          />
          <Connect(MenuBox)
            image={
              Object {
                "process": [Function],
              }
            }
            pageName="Placeholder"
            routeName="Profile"
          />
          <Connect(MenuBox)
            image={
              Object {
                "process": [Function],
              }
            }
            pageName="Placeholder"
            routeName="RegisterCompany"
          />
          <Connect(MenuBox)
            image={
              Object {
                "process": [Function],
              }
            }
            pageName="Placeholder"
            routeName="Profile"
          />
        </View>,
      ],
      "style": Object {
        "display": "flex",
        "flex": 1,
      },
    },
    "ref": null,
    "rendered": Array [
      Object {
        "instance": null,
        "key": undefined,
        "nodeType": "class",
        "props": Object {
          "children": <_default
            activeDotColor="white"
            automaticallyAdjustContentInsets={false}
            autoplay={false}
            autoplayDirection={true}
            autoplayTimeout={2.5}
            bounces={false}
            disableNextButton={false}
            dotColor="lightgrey"
            horizontal={true}
            index={0}
            loadMinimal={false}
            loadMinimalSize={1}
            loop={true}
            onIndexChanged={[Function]}
            pagingEnabled={true}
            removeClippedSubviews={true}
            scrollsToTop={false}
            showsButtons={false}
            showsHorizontalScrollIndicator={false}
            showsPagination={true}
            showsVerticalScrollIndicator={false}
            style={undefined}
          >
            <Connect(Slide1) />
            <Connect(Slide2) />
            <View
              style={
                Object {
                  "alignItems": "center",
                  "backgroundColor": "rgb(000, 039, 118)",
                  "flex": 1,
                  "justifyContent": "center",
                }
              }
            >
              <Image
                resizeMode="contain"
                source={
                  Object {
                    "process": [Function],
                  }
                }
                style={
                  Object {
                    "width": 441.1764705882353,
                  }
                }
              />
            </View>
          </_default>,
          "style": Object {
            "flex": 1,
          },
        },
        "ref": null,
        "rendered": Object {
          "instance": null,
          "key": undefined,
          "nodeType": "class",
          "props": Object {
            "activeDotColor": "white",
            "automaticallyAdjustContentInsets": false,
            "autoplay": false,
            "autoplayDirection": true,
            "autoplayTimeout": 2.5,
            "bounces": false,
            "children": Array [
              <Connect(Slide1) />,
              <Connect(Slide2) />,
              <View
                style={
                  Object {
                    "alignItems": "center",
                    "backgroundColor": "rgb(000, 039, 118)",
                    "flex": 1,
                    "justifyContent": "center",
                  }
                }
              >
                <Image
                  resizeMode="contain"
                  source={
                    Object {
                      "process": [Function],
                    }
                  }
                  style={
                    Object {
                      "width": 441.1764705882353,
                    }
                  }
                />
              </View>,
            ],
            "disableNextButton": false,
            "dotColor": "lightgrey",
            "horizontal": true,
            "index": 0,
            "loadMinimal": false,
            "loadMinimalSize": 1,
            "loop": true,
            "onIndexChanged": [Function],
            "pagingEnabled": true,
            "removeClippedSubviews": true,
            "scrollsToTop": false,
            "showsButtons": false,
            "showsHorizontalScrollIndicator": false,
            "showsPagination": true,
            "showsVerticalScrollIndicator": false,
            "style": undefined,
          },
          "ref": null,
          "rendered": Array [
            Object {
              "instance": null,
              "key": undefined,
              "nodeType": "class",
              "props": Object {},
              "ref": null,
              "rendered": null,
              "type": [Function],
            },
            Object {
              "instance": null,
              "key": undefined,
              "nodeType": "class",
              "props": Object {},
              "ref": null,
              "rendered": null,
              "type": [Function],
            },
            Object {
              "instance": null,
              "key": undefined,
              "nodeType": "class",
              "props": Object {
                "children": <Image
                  resizeMode="contain"
                  source={
                    Object {
                      "process": [Function],
                    }
                  }
                  style={
                    Object {
                      "width": 441.1764705882353,
                    }
                  }
                />,
                "style": Object {
                  "alignItems": "center",
                  "backgroundColor": "rgb(000, 039, 118)",
                  "flex": 1,
                  "justifyContent": "center",
                },
              },
              "ref": null,
              "rendered": Object {
                "instance": null,
                "key": undefined,
                "nodeType": "class",
                "props": Object {
                  "resizeMode": "contain",
                  "source": Object {
                    "process": [Function],
                  },
                  "style": Object {
                    "width": 441.1764705882353,
                  },
                },
                "ref": null,
                "rendered": null,
                "type": [Function],
              },
              "type": [Function],
            },
          ],
          "type": [Function],
        },
        "type": [Function],
      },
      Object {
        "instance": null,
        "key": undefined,
        "nodeType": "class",
        "props": Object {
          "children": Array [
            <Connect(MenuBox)
              image={
                Object {
                  "process": [Function],
                }
              }
              pageName="Drivstoff"
              routeName="FuelRefill"
            />,
            <Connect(MenuBox)
              image={
                Object {
                  "process": [Function],
                }
              }
              pageName="Kjørebok"
              routeName="TravelLog"
            />,
            <Connect(MenuBox)
              image={
                Object {
                  "process": [Function],
                }
              }
              pageName="Skade"
              routeName="DamageReport"
            />,
            <Connect(MenuBox)
              image={
                Object {
                  "process": [Function],
                }
              }
              pageName="Placeholder"
              routeName="Profile"
            />,
            <Connect(MenuBox)
              image={
                Object {
                  "process": [Function],
                }
              }
              pageName="Placeholder"
              routeName="RegisterCompany"
            />,
            <Connect(MenuBox)
              image={
                Object {
                  "process": [Function],
                }
              }
              pageName="Placeholder"
              routeName="Profile"
            />,
          ],
          "style": Object {
            "backgroundColor": "rgb(000, 039, 118)",
            "display": "flex",
            "flex": 1,
            "flexDirection": "row",
            "flexWrap": "wrap",
            "justifyContent": "center",
            "paddingTop": 13.34,
          },
        },
        "ref": null,
        "rendered": Array [
          Object {
            "instance": null,
            "key": "0",
            "nodeType": "class",
            "props": Object {
              "image": Object {
                "process": [Function],
              },
              "pageName": "Drivstoff",
              "routeName": "FuelRefill",
            },
            "ref": null,
            "rendered": null,
            "type": [Function],
          },
          Object {
            "instance": null,
            "key": "1",
            "nodeType": "class",
            "props": Object {
              "image": Object {
                "process": [Function],
              },
              "pageName": "Kjørebok",
              "routeName": "TravelLog",
            },
            "ref": null,
            "rendered": null,
            "type": [Function],
          },
          Object {
            "instance": null,
            "key": "2",
            "nodeType": "class",
            "props": Object {
              "image": Object {
                "process": [Function],
              },
              "pageName": "Skade",
              "routeName": "DamageReport",
            },
            "ref": null,
            "rendered": null,
            "type": [Function],
          },
          Object {
            "instance": null,
            "key": "3",
            "nodeType": "class",
            "props": Object {
              "image": Object {
                "process": [Function],
              },
              "pageName": "Placeholder",
              "routeName": "Profile",
            },
            "ref": null,
            "rendered": null,
            "type": [Function],
          },
          Object {
            "instance": null,
            "key": "4",
            "nodeType": "class",
            "props": Object {
              "image": Object {
                "process": [Function],
              },
              "pageName": "Placeholder",
              "routeName": "RegisterCompany",
            },
            "ref": null,
            "rendered": null,
            "type": [Function],
          },
          Object {
            "instance": null,
            "key": "5",
            "nodeType": "class",
            "props": Object {
              "image": Object {
                "process": [Function],
              },
              "pageName": "Placeholder",
              "routeName": "Profile",
            },
            "ref": null,
            "rendered": null,
            "type": [Function],
          },
        ],
        "type": [Function],
      },
    ],
    "type": "View",
  },
  Symbol(enzyme.__nodes__): Array [
    Object {
      "instance": null,
      "key": undefined,
      "nodeType": "host",
      "props": Object {
        "children": Array [
          <View
            style={
              Object {
                "flex": 1,
              }
            }
          >
            <_default
              activeDotColor="white"
              automaticallyAdjustContentInsets={false}
              autoplay={false}
              autoplayDirection={true}
              autoplayTimeout={2.5}
              bounces={false}
              disableNextButton={false}
              dotColor="lightgrey"
              horizontal={true}
              index={0}
              loadMinimal={false}
              loadMinimalSize={1}
              loop={true}
              onIndexChanged={[Function]}
              pagingEnabled={true}
              removeClippedSubviews={true}
              scrollsToTop={false}
              showsButtons={false}
              showsHorizontalScrollIndicator={false}
              showsPagination={true}
              showsVerticalScrollIndicator={false}
              style={undefined}
            >
              <Connect(Slide1) />
              <Connect(Slide2) />
              <View
                style={
                  Object {
                    "alignItems": "center",
                    "backgroundColor": "rgb(000, 039, 118)",
                    "flex": 1,
                    "justifyContent": "center",
                  }
                }
              >
                <Image
                  resizeMode="contain"
                  source={
                    Object {
                      "process": [Function],
                    }
                  }
                  style={
                    Object {
                      "width": 441.1764705882353,
                    }
                  }
                />
              </View>
            </_default>
          </View>,
          <View
            style={
              Object {
                "backgroundColor": "rgb(000, 039, 118)",
                "display": "flex",
                "flex": 1,
                "flexDirection": "row",
                "flexWrap": "wrap",
                "justifyContent": "center",
                "paddingTop": 13.34,
              }
            }
          >
            <Connect(MenuBox)
              image={
                Object {
                  "process": [Function],
                }
              }
              pageName="Drivstoff"
              routeName="FuelRefill"
            />
            <Connect(MenuBox)
              image={
                Object {
                  "process": [Function],
                }
              }
              pageName="Kjørebok"
              routeName="TravelLog"
            />
            <Connect(MenuBox)
              image={
                Object {
                  "process": [Function],
                }
              }
              pageName="Skade"
              routeName="DamageReport"
            />
            <Connect(MenuBox)
              image={
                Object {
                  "process": [Function],
                }
              }
              pageName="Placeholder"
              routeName="Profile"
            />
            <Connect(MenuBox)
              image={
                Object {
                  "process": [Function],
                }
              }
              pageName="Placeholder"
              routeName="RegisterCompany"
            />
            <Connect(MenuBox)
              image={
                Object {
                  "process": [Function],
                }
              }
              pageName="Placeholder"
              routeName="Profile"
            />
          </View>,
        ],
        "style": Object {
          "display": "flex",
          "flex": 1,
        },
      },
      "ref": null,
      "rendered": Array [
        Object {
          "instance": null,
          "key": undefined,
          "nodeType": "class",
          "props": Object {
            "children": <_default
              activeDotColor="white"
              automaticallyAdjustContentInsets={false}
              autoplay={false}
              autoplayDirection={true}
              autoplayTimeout={2.5}
              bounces={false}
              disableNextButton={false}
              dotColor="lightgrey"
              horizontal={true}
              index={0}
              loadMinimal={false}
              loadMinimalSize={1}
              loop={true}
              onIndexChanged={[Function]}
              pagingEnabled={true}
              removeClippedSubviews={true}
              scrollsToTop={false}
              showsButtons={false}
              showsHorizontalScrollIndicator={false}
              showsPagination={true}
              showsVerticalScrollIndicator={false}
              style={undefined}
            >
              <Connect(Slide1) />
              <Connect(Slide2) />
              <View
                style={
                  Object {
                    "alignItems": "center",
                    "backgroundColor": "rgb(000, 039, 118)",
                    "flex": 1,
                    "justifyContent": "center",
                  }
                }
              >
                <Image
                  resizeMode="contain"
                  source={
                    Object {
                      "process": [Function],
                    }
                  }
                  style={
                    Object {
                      "width": 441.1764705882353,
                    }
                  }
                />
              </View>
            </_default>,
            "style": Object {
              "flex": 1,
            },
          },
          "ref": null,
          "rendered": Object {
            "instance": null,
            "key": undefined,
            "nodeType": "class",
            "props": Object {
              "activeDotColor": "white",
              "automaticallyAdjustContentInsets": false,
              "autoplay": false,
              "autoplayDirection": true,
              "autoplayTimeout": 2.5,
              "bounces": false,
              "children": Array [
                <Connect(Slide1) />,
                <Connect(Slide2) />,
                <View
                  style={
                    Object {
                      "alignItems": "center",
                      "backgroundColor": "rgb(000, 039, 118)",
                      "flex": 1,
                      "justifyContent": "center",
                    }
                  }
                >
                  <Image
                    resizeMode="contain"
                    source={
                      Object {
                        "process": [Function],
                      }
                    }
                    style={
                      Object {
                        "width": 441.1764705882353,
                      }
                    }
                  />
                </View>,
              ],
              "disableNextButton": false,
              "dotColor": "lightgrey",
              "horizontal": true,
              "index": 0,
              "loadMinimal": false,
              "loadMinimalSize": 1,
              "loop": true,
              "onIndexChanged": [Function],
              "pagingEnabled": true,
              "removeClippedSubviews": true,
              "scrollsToTop": false,
              "showsButtons": false,
              "showsHorizontalScrollIndicator": false,
              "showsPagination": true,
              "showsVerticalScrollIndicator": false,
              "style": undefined,
            },
            "ref": null,
            "rendered": Array [
              Object {
                "instance": null,
                "key": undefined,
                "nodeType": "class",
                "props": Object {},
                "ref": null,
                "rendered": null,
                "type": [Function],
              },
              Object {
                "instance": null,
                "key": undefined,
                "nodeType": "class",
                "props": Object {},
                "ref": null,
                "rendered": null,
                "type": [Function],
              },
              Object {
                "instance": null,
                "key": undefined,
                "nodeType": "class",
                "props": Object {
                  "children": <Image
                    resizeMode="contain"
                    source={
                      Object {
                        "process": [Function],
                      }
                    }
                    style={
                      Object {
                        "width": 441.1764705882353,
                      }
                    }
                  />,
                  "style": Object {
                    "alignItems": "center",
                    "backgroundColor": "rgb(000, 039, 118)",
                    "flex": 1,
                    "justifyContent": "center",
                  },
                },
                "ref": null,
                "rendered": Object {
                  "instance": null,
                  "key": undefined,
                  "nodeType": "class",
                  "props": Object {
                    "resizeMode": "contain",
                    "source": Object {
                      "process": [Function],
                    },
                    "style": Object {
                      "width": 441.1764705882353,
                    },
                  },
                  "ref": null,
                  "rendered": null,
                  "type": [Function],
                },
                "type": [Function],
              },
            ],
            "type": [Function],
          },
          "type": [Function],
        },
        Object {
          "instance": null,
          "key": undefined,
          "nodeType": "class",
          "props": Object {
            "children": Array [
              <Connect(MenuBox)
                image={
                  Object {
                    "process": [Function],
                  }
                }
                pageName="Drivstoff"
                routeName="FuelRefill"
              />,
              <Connect(MenuBox)
                image={
                  Object {
                    "process": [Function],
                  }
                }
                pageName="Kjørebok"
                routeName="TravelLog"
              />,
              <Connect(MenuBox)
                image={
                  Object {
                    "process": [Function],
                  }
                }
                pageName="Skade"
                routeName="DamageReport"
              />,
              <Connect(MenuBox)
                image={
                  Object {
                    "process": [Function],
                  }
                }
                pageName="Placeholder"
                routeName="Profile"
              />,
              <Connect(MenuBox)
                image={
                  Object {
                    "process": [Function],
                  }
                }
                pageName="Placeholder"
                routeName="RegisterCompany"
              />,
              <Connect(MenuBox)
                image={
                  Object {
                    "process": [Function],
                  }
                }
                pageName="Placeholder"
                routeName="Profile"
              />,
            ],
            "style": Object {
              "backgroundColor": "rgb(000, 039, 118)",
              "display": "flex",
              "flex": 1,
              "flexDirection": "row",
              "flexWrap": "wrap",
              "justifyContent": "center",
              "paddingTop": 13.34,
            },
          },
          "ref": null,
          "rendered": Array [
            Object {
              "instance": null,
              "key": "0",
              "nodeType": "class",
              "props": Object {
                "image": Object {
                  "process": [Function],
                },
                "pageName": "Drivstoff",
                "routeName": "FuelRefill",
              },
              "ref": null,
              "rendered": null,
              "type": [Function],
            },
            Object {
              "instance": null,
              "key": "1",
              "nodeType": "class",
              "props": Object {
                "image": Object {
                  "process": [Function],
                },
                "pageName": "Kjørebok",
                "routeName": "TravelLog",
              },
              "ref": null,
              "rendered": null,
              "type": [Function],
            },
            Object {
              "instance": null,
              "key": "2",
              "nodeType": "class",
              "props": Object {
                "image": Object {
                  "process": [Function],
                },
                "pageName": "Skade",
                "routeName": "DamageReport",
              },
              "ref": null,
              "rendered": null,
              "type": [Function],
            },
            Object {
              "instance": null,
              "key": "3",
              "nodeType": "class",
              "props": Object {
                "image": Object {
                  "process": [Function],
                },
                "pageName": "Placeholder",
                "routeName": "Profile",
              },
              "ref": null,
              "rendered": null,
              "type": [Function],
            },
            Object {
              "instance": null,
              "key": "4",
              "nodeType": "class",
              "props": Object {
                "image": Object {
                  "process": [Function],
                },
                "pageName": "Placeholder",
                "routeName": "RegisterCompany",
              },
              "ref": null,
              "rendered": null,
              "type": [Function],
            },
            Object {
              "instance": null,
              "key": "5",
              "nodeType": "class",
              "props": Object {
                "image": Object {
                  "process": [Function],
                },
                "pageName": "Placeholder",
                "routeName": "Profile",
              },
              "ref": null,
              "rendered": null,
              "type": [Function],
            },
          ],
          "type": [Function],
        },
      ],
      "type": "View",
    },
  ],
  Symbol(enzyme.__options__): Object {
    "adapter": ReactSixteenAdapter {
      "options": Object {
        "enableComponentDidUpdateOnSetState": true,
      },
    },
    "context": Object {
      "store": Object {
        "clearActions": [Function],
        "dispatch": [Function],
        "getActions": [Function],
        "getState": [Function],
        "replaceReducer": [Function],
        "subscribe": [Function],
      },
    },
  },
}
`;
