// Jest Snapshot v1, https://goo.gl/fbAQLP

exports[`Testing Slide1 Renders as expected 1`] = `
ShallowWrapper {
  "length": 1,
  Symbol(enzyme.__root__): [Circular],
  Symbol(enzyme.__unrendered__): <Slide1
    car={undefined}
    navigate={[Function]}
    user="{\\"UserID\\":111,\\"Email\\":\\"awkdnawpidn@aiwfaf.no\\",\\"CompanyID\\":7,\\"CarID\\":82,\\"Address\\":\\"Oiabfoaiwbf\\",\\"Fname\\":\\"Obafiobafiob\\",\\"Lname\\":\\"Oabfoaib\\",\\"FuelDay\\":0,\\"FuelTime\\":\\"12-00\\",\\"FuelNotification\\":false,\\"createdAt\\":\\"2018-05-20T11:30:10.000Z\\",\\"updatedAt\\":\\"2018-05-20T11:30:21.000Z\\"}"
  />,
  Symbol(enzyme.__renderer__): Object {
    "batchedUpdates": [Function],
    "getNode": [Function],
    "render": [Function],
    "simulateEvent": [Function],
    "unmount": [Function],
  },
  Symbol(enzyme.__node__): Object {
    "instance": null,
    "key": undefined,
    "nodeType": "class",
    "props": Object {
      "children": <Styled(ViewNB)
        virtual={undefined}
      >
        <Styled(Text)
          style={
            Object {
              "alignSelf": "center",
              "color": "white",
              "fontSize": 30,
              "fontWeight": "bold",
              "marginBottom": "5%",
            }
          }
          virtual={undefined}
        >
          Velkommen 
          Obafiobafiob
          !
        </Styled(Text)>
        <Styled(Text)
          style={
            Object {
              "alignSelf": "center",
              "color": "white",
              "fontSize": 18,
              "marginBottom": "8%",
            }
          }
          virtual={undefined}
        >
          Du har ikke registrert en bil enda.. 
        </Styled(Text)>
        <Styled(Button)
          bordered={true}
          light={true}
          onPress={[Function]}
          style={
            Object {
              "alignSelf": "center",
            }
          }
          virtual={undefined}
        >
          <Styled(Text)
            virtual={undefined}
          >
            Finn din bil
          </Styled(Text)>
        </Styled(Button)>
      </Styled(ViewNB)>,
      "style": Object {
        "alignItems": "center",
        "backgroundColor": "rgb(000, 039, 118)",
        "flex": 1,
        "flexDirection": "row",
        "justifyContent": "center",
      },
      "virtual": undefined,
    },
    "ref": null,
    "rendered": Object {
      "instance": null,
      "key": undefined,
      "nodeType": "class",
      "props": Object {
        "children": Array [
          <Styled(Text)
            style={
              Object {
                "alignSelf": "center",
                "color": "white",
                "fontSize": 30,
                "fontWeight": "bold",
                "marginBottom": "5%",
              }
            }
            virtual={undefined}
          >
            Velkommen 
            Obafiobafiob
            !
          </Styled(Text)>,
          <Styled(Text)
            style={
              Object {
                "alignSelf": "center",
                "color": "white",
                "fontSize": 18,
                "marginBottom": "8%",
              }
            }
            virtual={undefined}
          >
            Du har ikke registrert en bil enda.. 
          </Styled(Text)>,
          <Styled(Button)
            bordered={true}
            light={true}
            onPress={[Function]}
            style={
              Object {
                "alignSelf": "center",
              }
            }
            virtual={undefined}
          >
            <Styled(Text)
              virtual={undefined}
            >
              Finn din bil
            </Styled(Text)>
          </Styled(Button)>,
        ],
        "virtual": undefined,
      },
      "ref": null,
      "rendered": Array [
        Object {
          "instance": null,
          "key": undefined,
          "nodeType": "class",
          "props": Object {
            "children": Array [
              "Velkommen ",
              "Obafiobafiob",
              "!",
            ],
            "style": Object {
              "alignSelf": "center",
              "color": "white",
              "fontSize": 30,
              "fontWeight": "bold",
              "marginBottom": "5%",
            },
            "virtual": undefined,
          },
          "ref": null,
          "rendered": Array [
            "Velkommen ",
            "Obafiobafiob",
            "!",
          ],
          "type": [Function],
        },
        Object {
          "instance": null,
          "key": undefined,
          "nodeType": "class",
          "props": Object {
            "children": "Du har ikke registrert en bil enda.. ",
            "style": Object {
              "alignSelf": "center",
              "color": "white",
              "fontSize": 18,
              "marginBottom": "8%",
            },
            "virtual": undefined,
          },
          "ref": null,
          "rendered": "Du har ikke registrert en bil enda.. ",
          "type": [Function],
        },
        Object {
          "instance": null,
          "key": undefined,
          "nodeType": "class",
          "props": Object {
            "bordered": true,
            "children": <Styled(Text)
              virtual={undefined}
            >
              Finn din bil
            </Styled(Text)>,
            "light": true,
            "onPress": [Function],
            "style": Object {
              "alignSelf": "center",
            },
            "virtual": undefined,
          },
          "ref": null,
          "rendered": Object {
            "instance": null,
            "key": undefined,
            "nodeType": "class",
            "props": Object {
              "children": "Finn din bil",
              "virtual": undefined,
            },
            "ref": null,
            "rendered": "Finn din bil",
            "type": [Function],
          },
          "type": [Function],
        },
      ],
      "type": [Function],
    },
    "type": [Function],
  },
  Symbol(enzyme.__nodes__): Array [
    Object {
      "instance": null,
      "key": undefined,
      "nodeType": "class",
      "props": Object {
        "children": <Styled(ViewNB)
          virtual={undefined}
        >
          <Styled(Text)
            style={
              Object {
                "alignSelf": "center",
                "color": "white",
                "fontSize": 30,
                "fontWeight": "bold",
                "marginBottom": "5%",
              }
            }
            virtual={undefined}
          >
            Velkommen 
            Obafiobafiob
            !
          </Styled(Text)>
          <Styled(Text)
            style={
              Object {
                "alignSelf": "center",
                "color": "white",
                "fontSize": 18,
                "marginBottom": "8%",
              }
            }
            virtual={undefined}
          >
            Du har ikke registrert en bil enda.. 
          </Styled(Text)>
          <Styled(Button)
            bordered={true}
            light={true}
            onPress={[Function]}
            style={
              Object {
                "alignSelf": "center",
              }
            }
            virtual={undefined}
          >
            <Styled(Text)
              virtual={undefined}
            >
              Finn din bil
            </Styled(Text)>
          </Styled(Button)>
        </Styled(ViewNB)>,
        "style": Object {
          "alignItems": "center",
          "backgroundColor": "rgb(000, 039, 118)",
          "flex": 1,
          "flexDirection": "row",
          "justifyContent": "center",
        },
        "virtual": undefined,
      },
      "ref": null,
      "rendered": Object {
        "instance": null,
        "key": undefined,
        "nodeType": "class",
        "props": Object {
          "children": Array [
            <Styled(Text)
              style={
                Object {
                  "alignSelf": "center",
                  "color": "white",
                  "fontSize": 30,
                  "fontWeight": "bold",
                  "marginBottom": "5%",
                }
              }
              virtual={undefined}
            >
              Velkommen 
              Obafiobafiob
              !
            </Styled(Text)>,
            <Styled(Text)
              style={
                Object {
                  "alignSelf": "center",
                  "color": "white",
                  "fontSize": 18,
                  "marginBottom": "8%",
                }
              }
              virtual={undefined}
            >
              Du har ikke registrert en bil enda.. 
            </Styled(Text)>,
            <Styled(Button)
              bordered={true}
              light={true}
              onPress={[Function]}
              style={
                Object {
                  "alignSelf": "center",
                }
              }
              virtual={undefined}
            >
              <Styled(Text)
                virtual={undefined}
              >
                Finn din bil
              </Styled(Text)>
            </Styled(Button)>,
          ],
          "virtual": undefined,
        },
        "ref": null,
        "rendered": Array [
          Object {
            "instance": null,
            "key": undefined,
            "nodeType": "class",
            "props": Object {
              "children": Array [
                "Velkommen ",
                "Obafiobafiob",
                "!",
              ],
              "style": Object {
                "alignSelf": "center",
                "color": "white",
                "fontSize": 30,
                "fontWeight": "bold",
                "marginBottom": "5%",
              },
              "virtual": undefined,
            },
            "ref": null,
            "rendered": Array [
              "Velkommen ",
              "Obafiobafiob",
              "!",
            ],
            "type": [Function],
          },
          Object {
            "instance": null,
            "key": undefined,
            "nodeType": "class",
            "props": Object {
              "children": "Du har ikke registrert en bil enda.. ",
              "style": Object {
                "alignSelf": "center",
                "color": "white",
                "fontSize": 18,
                "marginBottom": "8%",
              },
              "virtual": undefined,
            },
            "ref": null,
            "rendered": "Du har ikke registrert en bil enda.. ",
            "type": [Function],
          },
          Object {
            "instance": null,
            "key": undefined,
            "nodeType": "class",
            "props": Object {
              "bordered": true,
              "children": <Styled(Text)
                virtual={undefined}
              >
                Finn din bil
              </Styled(Text)>,
              "light": true,
              "onPress": [Function],
              "style": Object {
                "alignSelf": "center",
              },
              "virtual": undefined,
            },
            "ref": null,
            "rendered": Object {
              "instance": null,
              "key": undefined,
              "nodeType": "class",
              "props": Object {
                "children": "Finn din bil",
                "virtual": undefined,
              },
              "ref": null,
              "rendered": "Finn din bil",
              "type": [Function],
            },
            "type": [Function],
          },
        ],
        "type": [Function],
      },
      "type": [Function],
    },
  ],
  Symbol(enzyme.__options__): Object {
    "adapter": ReactSixteenAdapter {
      "options": Object {
        "enableComponentDidUpdateOnSetState": true,
      },
    },
    "context": Object {
      "store": Object {
        "clearActions": [Function],
        "dispatch": [Function],
        "getActions": [Function],
        "getState": [Function],
        "replaceReducer": [Function],
        "subscribe": [Function],
      },
    },
  },
}
`;
