// Jest Snapshot v1, https://goo.gl/fbAQLP

exports[`Testing TravelLogPassengerForm Renders as expected 1`] = `
ShallowWrapper {
  "length": 1,
  Symbol(enzyme.__root__): [Circular],
  Symbol(enzyme.__unrendered__): <TravelLogPassengerForm
    formOptions={undefined}
    formType={[Function]}
    formValue={[Function]}
    hasErrored={false}
    isLoading={false}
    mail={undefined}
    type={true}
    user="user"
    value={
      Object {
        "Passenger": "0",
        "Passenger1": "",
        "Passenger2": "",
        "Passenger3": "",
        "Passenger4": "",
        "Passenger5": "",
      }
    }
  />,
  Symbol(enzyme.__renderer__): Object {
    "batchedUpdates": [Function],
    "getNode": [Function],
    "render": [Function],
    "simulateEvent": [Function],
    "unmount": [Function],
  },
  Symbol(enzyme.__node__): Object {
    "instance": null,
    "key": undefined,
    "nodeType": "class",
    "props": Object {
      "children": <Form
        i18n={
          Object {
            "add": "Add",
            "down": "↓",
            "optional": " (optional)",
            "remove": "✘",
            "required": "",
            "up": "↑",
          }
        }
        onChange={[Function]}
        options={
          Object {
            "fields": Object {
              "Comment": Object {
                "label": "Kommentar (Valgfritt)",
                "multiline": true,
                "numberOfLines": 3,
              },
              "Passenger": Object {
                "label": "Antall passasjerer:",
                "nullOption": Object {
                  "text": "Velg antall Passasjerer",
                  "value": "",
                },
              },
              "Passenger1": Object {
                "label": "Passasjer 1:",
              },
              "Passenger2": Object {
                "label": "Passasjer 2:",
              },
              "Passenger3": Object {
                "label": "Passasjer 3:",
              },
              "Passenger4": Object {
                "label": "Passasjer 4:",
              },
              "Passenger5": Object {
                "label": "Passasjer 5:",
              },
            },
          }
        }
        stylesheet={
          Object {
            "button": Object {
              "alignSelf": "stretch",
              "backgroundColor": "#48BBEC",
              "borderColor": "#48BBEC",
              "borderRadius": 8,
              "borderWidth": 1,
              "height": 36,
              "justifyContent": "center",
              "marginBottom": 10,
            },
            "buttonText": Object {
              "alignSelf": "center",
              "color": "white",
              "fontSize": 18,
            },
            "checkbox": Object {
              "error": Object {
                "marginBottom": 4,
              },
              "normal": Object {
                "marginBottom": 4,
              },
            },
            "controlLabel": Object {
              "error": Object {
                "color": "#a94442",
                "fontSize": 17,
                "fontWeight": "500",
                "marginBottom": 7,
              },
              "normal": Object {
                "color": "#000000",
                "fontSize": 17,
                "fontWeight": "500",
                "marginBottom": 7,
              },
            },
            "dateTouchable": Object {
              "error": Object {},
              "normal": Object {},
            },
            "dateValue": Object {
              "error": Object {
                "color": "#a94442",
                "fontSize": 17,
                "marginBottom": 5,
                "padding": 7,
              },
              "normal": Object {
                "color": "#000000",
                "fontSize": 17,
                "marginBottom": 5,
                "padding": 7,
              },
            },
            "datepicker": Object {
              "error": Object {
                "marginBottom": 4,
              },
              "normal": Object {
                "marginBottom": 4,
              },
            },
            "errorBlock": Object {
              "color": "#a94442",
              "fontSize": 17,
              "marginBottom": 2,
            },
            "fieldset": Object {},
            "formGroup": Object {
              "error": Object {
                "marginBottom": 10,
              },
              "normal": Object {
                "marginBottom": 10,
              },
            },
            "helpBlock": Object {
              "error": Object {
                "color": "#999999",
                "fontSize": 17,
                "marginBottom": 2,
              },
              "normal": Object {
                "color": "#999999",
                "fontSize": 17,
                "marginBottom": 2,
              },
            },
            "pickerContainer": Object {
              "error": Object {
                "borderColor": "#a94442",
                "borderRadius": 4,
                "borderWidth": 1,
                "marginBottom": 4,
              },
              "normal": Object {
                "borderColor": "#cccccc",
                "borderRadius": 4,
                "borderWidth": 1,
                "marginBottom": 4,
              },
              "open": Object {},
            },
            "pickerTouchable": Object {
              "active": Object {
                "borderBottomWidth": 1,
                "borderColor": "#cccccc",
              },
              "error": Object {
                "alignItems": "center",
                "flexDirection": "row",
                "height": 44,
              },
              "normal": Object {
                "alignItems": "center",
                "flexDirection": "row",
                "height": 44,
              },
            },
            "pickerValue": Object {
              "error": Object {
                "fontSize": 17,
                "paddingLeft": 7,
              },
              "normal": Object {
                "fontSize": 17,
                "paddingLeft": 7,
              },
            },
            "select": Object {
              "error": Object {},
              "normal": Object {},
            },
            "textbox": Object {
              "error": Object {
                "borderColor": "#a94442",
                "borderRadius": 4,
                "borderWidth": 1,
                "color": "#000000",
                "fontSize": 17,
                "height": 36,
                "marginBottom": 5,
                "paddingHorizontal": 7,
                "paddingVertical": 7,
              },
              "normal": Object {
                "borderColor": "#cccccc",
                "borderRadius": 4,
                "borderWidth": 1,
                "color": "#000000",
                "fontSize": 17,
                "height": 36,
                "marginBottom": 5,
                "paddingHorizontal": 7,
                "paddingVertical": 7,
              },
              "notEditable": Object {
                "backgroundColor": "#eeeeee",
                "borderColor": "#cccccc",
                "borderRadius": 4,
                "borderWidth": 1,
                "color": "#777777",
                "fontSize": 17,
                "height": 36,
                "marginBottom": 5,
                "paddingHorizontal": 7,
                "paddingVertical": 7,
              },
            },
            "textboxView": Object {
              "error": Object {},
              "normal": Object {},
              "notEditable": Object {},
            },
          }
        }
        templates={
          Object {
            "checkbox": [Function],
            "datepicker": [Function],
            "list": [Function],
            "select": [Function],
            "struct": [Function],
            "textbox": [Function],
          }
        }
        type={true}
        value={
          Object {
            "Passenger": "0",
            "Passenger1": "",
            "Passenger2": "",
            "Passenger3": "",
            "Passenger4": "",
            "Passenger5": "",
          }
        }
      />,
      "style": Object {
        "alignItems": "center",
        "flex": 1,
        "marginTop": 10,
      },
    },
    "ref": null,
    "rendered": Object {
      "instance": null,
      "key": undefined,
      "nodeType": "class",
      "props": Object {
        "i18n": Object {
          "add": "Add",
          "down": "↓",
          "optional": " (optional)",
          "remove": "✘",
          "required": "",
          "up": "↑",
        },
        "onChange": [Function],
        "options": Object {
          "fields": Object {
            "Comment": Object {
              "label": "Kommentar (Valgfritt)",
              "multiline": true,
              "numberOfLines": 3,
            },
            "Passenger": Object {
              "label": "Antall passasjerer:",
              "nullOption": Object {
                "text": "Velg antall Passasjerer",
                "value": "",
              },
            },
            "Passenger1": Object {
              "label": "Passasjer 1:",
            },
            "Passenger2": Object {
              "label": "Passasjer 2:",
            },
            "Passenger3": Object {
              "label": "Passasjer 3:",
            },
            "Passenger4": Object {
              "label": "Passasjer 4:",
            },
            "Passenger5": Object {
              "label": "Passasjer 5:",
            },
          },
        },
        "stylesheet": Object {
          "button": Object {
            "alignSelf": "stretch",
            "backgroundColor": "#48BBEC",
            "borderColor": "#48BBEC",
            "borderRadius": 8,
            "borderWidth": 1,
            "height": 36,
            "justifyContent": "center",
            "marginBottom": 10,
          },
          "buttonText": Object {
            "alignSelf": "center",
            "color": "white",
            "fontSize": 18,
          },
          "checkbox": Object {
            "error": Object {
              "marginBottom": 4,
            },
            "normal": Object {
              "marginBottom": 4,
            },
          },
          "controlLabel": Object {
            "error": Object {
              "color": "#a94442",
              "fontSize": 17,
              "fontWeight": "500",
              "marginBottom": 7,
            },
            "normal": Object {
              "color": "#000000",
              "fontSize": 17,
              "fontWeight": "500",
              "marginBottom": 7,
            },
          },
          "dateTouchable": Object {
            "error": Object {},
            "normal": Object {},
          },
          "dateValue": Object {
            "error": Object {
              "color": "#a94442",
              "fontSize": 17,
              "marginBottom": 5,
              "padding": 7,
            },
            "normal": Object {
              "color": "#000000",
              "fontSize": 17,
              "marginBottom": 5,
              "padding": 7,
            },
          },
          "datepicker": Object {
            "error": Object {
              "marginBottom": 4,
            },
            "normal": Object {
              "marginBottom": 4,
            },
          },
          "errorBlock": Object {
            "color": "#a94442",
            "fontSize": 17,
            "marginBottom": 2,
          },
          "fieldset": Object {},
          "formGroup": Object {
            "error": Object {
              "marginBottom": 10,
            },
            "normal": Object {
              "marginBottom": 10,
            },
          },
          "helpBlock": Object {
            "error": Object {
              "color": "#999999",
              "fontSize": 17,
              "marginBottom": 2,
            },
            "normal": Object {
              "color": "#999999",
              "fontSize": 17,
              "marginBottom": 2,
            },
          },
          "pickerContainer": Object {
            "error": Object {
              "borderColor": "#a94442",
              "borderRadius": 4,
              "borderWidth": 1,
              "marginBottom": 4,
            },
            "normal": Object {
              "borderColor": "#cccccc",
              "borderRadius": 4,
              "borderWidth": 1,
              "marginBottom": 4,
            },
            "open": Object {},
          },
          "pickerTouchable": Object {
            "active": Object {
              "borderBottomWidth": 1,
              "borderColor": "#cccccc",
            },
            "error": Object {
              "alignItems": "center",
              "flexDirection": "row",
              "height": 44,
            },
            "normal": Object {
              "alignItems": "center",
              "flexDirection": "row",
              "height": 44,
            },
          },
          "pickerValue": Object {
            "error": Object {
              "fontSize": 17,
              "paddingLeft": 7,
            },
            "normal": Object {
              "fontSize": 17,
              "paddingLeft": 7,
            },
          },
          "select": Object {
            "error": Object {},
            "normal": Object {},
          },
          "textbox": Object {
            "error": Object {
              "borderColor": "#a94442",
              "borderRadius": 4,
              "borderWidth": 1,
              "color": "#000000",
              "fontSize": 17,
              "height": 36,
              "marginBottom": 5,
              "paddingHorizontal": 7,
              "paddingVertical": 7,
            },
            "normal": Object {
              "borderColor": "#cccccc",
              "borderRadius": 4,
              "borderWidth": 1,
              "color": "#000000",
              "fontSize": 17,
              "height": 36,
              "marginBottom": 5,
              "paddingHorizontal": 7,
              "paddingVertical": 7,
            },
            "notEditable": Object {
              "backgroundColor": "#eeeeee",
              "borderColor": "#cccccc",
              "borderRadius": 4,
              "borderWidth": 1,
              "color": "#777777",
              "fontSize": 17,
              "height": 36,
              "marginBottom": 5,
              "paddingHorizontal": 7,
              "paddingVertical": 7,
            },
          },
          "textboxView": Object {
            "error": Object {},
            "normal": Object {},
            "notEditable": Object {},
          },
        },
        "templates": Object {
          "checkbox": [Function],
          "datepicker": [Function],
          "list": [Function],
          "select": [Function],
          "struct": [Function],
          "textbox": [Function],
        },
        "type": true,
        "value": Object {
          "Passenger": "0",
          "Passenger1": "",
          "Passenger2": "",
          "Passenger3": "",
          "Passenger4": "",
          "Passenger5": "",
        },
      },
      "ref": [Function],
      "rendered": null,
      "type": [Function],
    },
    "type": [Function],
  },
  Symbol(enzyme.__nodes__): Array [
    Object {
      "instance": null,
      "key": undefined,
      "nodeType": "class",
      "props": Object {
        "children": <Form
          i18n={
            Object {
              "add": "Add",
              "down": "↓",
              "optional": " (optional)",
              "remove": "✘",
              "required": "",
              "up": "↑",
            }
          }
          onChange={[Function]}
          options={
            Object {
              "fields": Object {
                "Comment": Object {
                  "label": "Kommentar (Valgfritt)",
                  "multiline": true,
                  "numberOfLines": 3,
                },
                "Passenger": Object {
                  "label": "Antall passasjerer:",
                  "nullOption": Object {
                    "text": "Velg antall Passasjerer",
                    "value": "",
                  },
                },
                "Passenger1": Object {
                  "label": "Passasjer 1:",
                },
                "Passenger2": Object {
                  "label": "Passasjer 2:",
                },
                "Passenger3": Object {
                  "label": "Passasjer 3:",
                },
                "Passenger4": Object {
                  "label": "Passasjer 4:",
                },
                "Passenger5": Object {
                  "label": "Passasjer 5:",
                },
              },
            }
          }
          stylesheet={
            Object {
              "button": Object {
                "alignSelf": "stretch",
                "backgroundColor": "#48BBEC",
                "borderColor": "#48BBEC",
                "borderRadius": 8,
                "borderWidth": 1,
                "height": 36,
                "justifyContent": "center",
                "marginBottom": 10,
              },
              "buttonText": Object {
                "alignSelf": "center",
                "color": "white",
                "fontSize": 18,
              },
              "checkbox": Object {
                "error": Object {
                  "marginBottom": 4,
                },
                "normal": Object {
                  "marginBottom": 4,
                },
              },
              "controlLabel": Object {
                "error": Object {
                  "color": "#a94442",
                  "fontSize": 17,
                  "fontWeight": "500",
                  "marginBottom": 7,
                },
                "normal": Object {
                  "color": "#000000",
                  "fontSize": 17,
                  "fontWeight": "500",
                  "marginBottom": 7,
                },
              },
              "dateTouchable": Object {
                "error": Object {},
                "normal": Object {},
              },
              "dateValue": Object {
                "error": Object {
                  "color": "#a94442",
                  "fontSize": 17,
                  "marginBottom": 5,
                  "padding": 7,
                },
                "normal": Object {
                  "color": "#000000",
                  "fontSize": 17,
                  "marginBottom": 5,
                  "padding": 7,
                },
              },
              "datepicker": Object {
                "error": Object {
                  "marginBottom": 4,
                },
                "normal": Object {
                  "marginBottom": 4,
                },
              },
              "errorBlock": Object {
                "color": "#a94442",
                "fontSize": 17,
                "marginBottom": 2,
              },
              "fieldset": Object {},
              "formGroup": Object {
                "error": Object {
                  "marginBottom": 10,
                },
                "normal": Object {
                  "marginBottom": 10,
                },
              },
              "helpBlock": Object {
                "error": Object {
                  "color": "#999999",
                  "fontSize": 17,
                  "marginBottom": 2,
                },
                "normal": Object {
                  "color": "#999999",
                  "fontSize": 17,
                  "marginBottom": 2,
                },
              },
              "pickerContainer": Object {
                "error": Object {
                  "borderColor": "#a94442",
                  "borderRadius": 4,
                  "borderWidth": 1,
                  "marginBottom": 4,
                },
                "normal": Object {
                  "borderColor": "#cccccc",
                  "borderRadius": 4,
                  "borderWidth": 1,
                  "marginBottom": 4,
                },
                "open": Object {},
              },
              "pickerTouchable": Object {
                "active": Object {
                  "borderBottomWidth": 1,
                  "borderColor": "#cccccc",
                },
                "error": Object {
                  "alignItems": "center",
                  "flexDirection": "row",
                  "height": 44,
                },
                "normal": Object {
                  "alignItems": "center",
                  "flexDirection": "row",
                  "height": 44,
                },
              },
              "pickerValue": Object {
                "error": Object {
                  "fontSize": 17,
                  "paddingLeft": 7,
                },
                "normal": Object {
                  "fontSize": 17,
                  "paddingLeft": 7,
                },
              },
              "select": Object {
                "error": Object {},
                "normal": Object {},
              },
              "textbox": Object {
                "error": Object {
                  "borderColor": "#a94442",
                  "borderRadius": 4,
                  "borderWidth": 1,
                  "color": "#000000",
                  "fontSize": 17,
                  "height": 36,
                  "marginBottom": 5,
                  "paddingHorizontal": 7,
                  "paddingVertical": 7,
                },
                "normal": Object {
                  "borderColor": "#cccccc",
                  "borderRadius": 4,
                  "borderWidth": 1,
                  "color": "#000000",
                  "fontSize": 17,
                  "height": 36,
                  "marginBottom": 5,
                  "paddingHorizontal": 7,
                  "paddingVertical": 7,
                },
                "notEditable": Object {
                  "backgroundColor": "#eeeeee",
                  "borderColor": "#cccccc",
                  "borderRadius": 4,
                  "borderWidth": 1,
                  "color": "#777777",
                  "fontSize": 17,
                  "height": 36,
                  "marginBottom": 5,
                  "paddingHorizontal": 7,
                  "paddingVertical": 7,
                },
              },
              "textboxView": Object {
                "error": Object {},
                "normal": Object {},
                "notEditable": Object {},
              },
            }
          }
          templates={
            Object {
              "checkbox": [Function],
              "datepicker": [Function],
              "list": [Function],
              "select": [Function],
              "struct": [Function],
              "textbox": [Function],
            }
          }
          type={true}
          value={
            Object {
              "Passenger": "0",
              "Passenger1": "",
              "Passenger2": "",
              "Passenger3": "",
              "Passenger4": "",
              "Passenger5": "",
            }
          }
        />,
        "style": Object {
          "alignItems": "center",
          "flex": 1,
          "marginTop": 10,
        },
      },
      "ref": null,
      "rendered": Object {
        "instance": null,
        "key": undefined,
        "nodeType": "class",
        "props": Object {
          "i18n": Object {
            "add": "Add",
            "down": "↓",
            "optional": " (optional)",
            "remove": "✘",
            "required": "",
            "up": "↑",
          },
          "onChange": [Function],
          "options": Object {
            "fields": Object {
              "Comment": Object {
                "label": "Kommentar (Valgfritt)",
                "multiline": true,
                "numberOfLines": 3,
              },
              "Passenger": Object {
                "label": "Antall passasjerer:",
                "nullOption": Object {
                  "text": "Velg antall Passasjerer",
                  "value": "",
                },
              },
              "Passenger1": Object {
                "label": "Passasjer 1:",
              },
              "Passenger2": Object {
                "label": "Passasjer 2:",
              },
              "Passenger3": Object {
                "label": "Passasjer 3:",
              },
              "Passenger4": Object {
                "label": "Passasjer 4:",
              },
              "Passenger5": Object {
                "label": "Passasjer 5:",
              },
            },
          },
          "stylesheet": Object {
            "button": Object {
              "alignSelf": "stretch",
              "backgroundColor": "#48BBEC",
              "borderColor": "#48BBEC",
              "borderRadius": 8,
              "borderWidth": 1,
              "height": 36,
              "justifyContent": "center",
              "marginBottom": 10,
            },
            "buttonText": Object {
              "alignSelf": "center",
              "color": "white",
              "fontSize": 18,
            },
            "checkbox": Object {
              "error": Object {
                "marginBottom": 4,
              },
              "normal": Object {
                "marginBottom": 4,
              },
            },
            "controlLabel": Object {
              "error": Object {
                "color": "#a94442",
                "fontSize": 17,
                "fontWeight": "500",
                "marginBottom": 7,
              },
              "normal": Object {
                "color": "#000000",
                "fontSize": 17,
                "fontWeight": "500",
                "marginBottom": 7,
              },
            },
            "dateTouchable": Object {
              "error": Object {},
              "normal": Object {},
            },
            "dateValue": Object {
              "error": Object {
                "color": "#a94442",
                "fontSize": 17,
                "marginBottom": 5,
                "padding": 7,
              },
              "normal": Object {
                "color": "#000000",
                "fontSize": 17,
                "marginBottom": 5,
                "padding": 7,
              },
            },
            "datepicker": Object {
              "error": Object {
                "marginBottom": 4,
              },
              "normal": Object {
                "marginBottom": 4,
              },
            },
            "errorBlock": Object {
              "color": "#a94442",
              "fontSize": 17,
              "marginBottom": 2,
            },
            "fieldset": Object {},
            "formGroup": Object {
              "error": Object {
                "marginBottom": 10,
              },
              "normal": Object {
                "marginBottom": 10,
              },
            },
            "helpBlock": Object {
              "error": Object {
                "color": "#999999",
                "fontSize": 17,
                "marginBottom": 2,
              },
              "normal": Object {
                "color": "#999999",
                "fontSize": 17,
                "marginBottom": 2,
              },
            },
            "pickerContainer": Object {
              "error": Object {
                "borderColor": "#a94442",
                "borderRadius": 4,
                "borderWidth": 1,
                "marginBottom": 4,
              },
              "normal": Object {
                "borderColor": "#cccccc",
                "borderRadius": 4,
                "borderWidth": 1,
                "marginBottom": 4,
              },
              "open": Object {},
            },
            "pickerTouchable": Object {
              "active": Object {
                "borderBottomWidth": 1,
                "borderColor": "#cccccc",
              },
              "error": Object {
                "alignItems": "center",
                "flexDirection": "row",
                "height": 44,
              },
              "normal": Object {
                "alignItems": "center",
                "flexDirection": "row",
                "height": 44,
              },
            },
            "pickerValue": Object {
              "error": Object {
                "fontSize": 17,
                "paddingLeft": 7,
              },
              "normal": Object {
                "fontSize": 17,
                "paddingLeft": 7,
              },
            },
            "select": Object {
              "error": Object {},
              "normal": Object {},
            },
            "textbox": Object {
              "error": Object {
                "borderColor": "#a94442",
                "borderRadius": 4,
                "borderWidth": 1,
                "color": "#000000",
                "fontSize": 17,
                "height": 36,
                "marginBottom": 5,
                "paddingHorizontal": 7,
                "paddingVertical": 7,
              },
              "normal": Object {
                "borderColor": "#cccccc",
                "borderRadius": 4,
                "borderWidth": 1,
                "color": "#000000",
                "fontSize": 17,
                "height": 36,
                "marginBottom": 5,
                "paddingHorizontal": 7,
                "paddingVertical": 7,
              },
              "notEditable": Object {
                "backgroundColor": "#eeeeee",
                "borderColor": "#cccccc",
                "borderRadius": 4,
                "borderWidth": 1,
                "color": "#777777",
                "fontSize": 17,
                "height": 36,
                "marginBottom": 5,
                "paddingHorizontal": 7,
                "paddingVertical": 7,
              },
            },
            "textboxView": Object {
              "error": Object {},
              "normal": Object {},
              "notEditable": Object {},
            },
          },
          "templates": Object {
            "checkbox": [Function],
            "datepicker": [Function],
            "list": [Function],
            "select": [Function],
            "struct": [Function],
            "textbox": [Function],
          },
          "type": true,
          "value": Object {
            "Passenger": "0",
            "Passenger1": "",
            "Passenger2": "",
            "Passenger3": "",
            "Passenger4": "",
            "Passenger5": "",
          },
        },
        "ref": [Function],
        "rendered": null,
        "type": [Function],
      },
      "type": [Function],
    },
  ],
  Symbol(enzyme.__options__): Object {
    "adapter": ReactSixteenAdapter {
      "options": Object {
        "enableComponentDidUpdateOnSetState": true,
      },
    },
    "context": Object {
      "store": Object {
        "clearActions": [Function],
        "dispatch": [Function],
        "getActions": [Function],
        "getState": [Function],
        "replaceReducer": [Function],
        "subscribe": [Function],
      },
    },
  },
}
`;
