// Jest Snapshot v1, https://goo.gl/fbAQLP

exports[`Testing TravelLogScreen Renders as expected 1`] = `
ShallowWrapper {
  "length": 1,
  Symbol(enzyme.__root__): [Circular],
  Symbol(enzyme.__unrendered__): <TravelLogScreen
    visibleModal={[Function]}
  />,
  Symbol(enzyme.__renderer__): Object {
    "batchedUpdates": [Function],
    "getNode": [Function],
    "render": [Function],
    "simulateEvent": [Function],
    "unmount": [Function],
  },
  Symbol(enzyme.__node__): Object {
    "instance": null,
    "key": undefined,
    "nodeType": "class",
    "props": Object {
      "children": <Connect(TravelLogInput) />,
      "contentContainerStyle": Object {
        "backgroundColor": "#002776",
      },
      "enableAutomaticScroll": true,
      "enableResetScrollToCoords": true,
      "extraHeight": 75,
      "extraScrollHeight": 0,
      "keyboardOpeningTime": 250,
      "resetScrollToCoords": Object {
        "x": 0,
        "y": 0,
      },
      "style": Object {
        "backgroundColor": "#002776",
      },
      "viewIsInsideTabBar": false,
    },
    "ref": null,
    "rendered": Object {
      "instance": null,
      "key": undefined,
      "nodeType": "class",
      "props": Object {},
      "ref": null,
      "rendered": null,
      "type": [Function],
    },
    "type": [Function],
  },
  Symbol(enzyme.__nodes__): Array [
    Object {
      "instance": null,
      "key": undefined,
      "nodeType": "class",
      "props": Object {
        "children": <Connect(TravelLogInput) />,
        "contentContainerStyle": Object {
          "backgroundColor": "#002776",
        },
        "enableAutomaticScroll": true,
        "enableResetScrollToCoords": true,
        "extraHeight": 75,
        "extraScrollHeight": 0,
        "keyboardOpeningTime": 250,
        "resetScrollToCoords": Object {
          "x": 0,
          "y": 0,
        },
        "style": Object {
          "backgroundColor": "#002776",
        },
        "viewIsInsideTabBar": false,
      },
      "ref": null,
      "rendered": Object {
        "instance": null,
        "key": undefined,
        "nodeType": "class",
        "props": Object {},
        "ref": null,
        "rendered": null,
        "type": [Function],
      },
      "type": [Function],
    },
  ],
  Symbol(enzyme.__options__): Object {
    "adapter": ReactSixteenAdapter {
      "options": Object {
        "enableComponentDidUpdateOnSetState": true,
      },
    },
    "context": Object {
      "store": Object {
        "clearActions": [Function],
        "dispatch": [Function],
        "getActions": [Function],
        "getState": [Function],
        "replaceReducer": [Function],
        "subscribe": [Function],
      },
    },
  },
}
`;
