// Jest Snapshot v1, https://goo.gl/fbAQLP

exports[`Testing LoginForm Renders as expected 1`] = `
ShallowWrapper {
  "length": 1,
  Symbol(enzyme.__root__): [Circular],
  Symbol(enzyme.__unrendered__): <LoginForm
    formOptions={undefined}
    hasErrored={false}
    isLoading={false}
    loginMail={[Function]}
    mail={undefined}
    postCurrent={[Function]}
    postUser={[Function]}
    registerScreen={[Function]}
    user="user"
  />,
  Symbol(enzyme.__renderer__): Object {
    "batchedUpdates": [Function],
    "getNode": [Function],
    "render": [Function],
    "simulateEvent": [Function],
    "unmount": [Function],
  },
  Symbol(enzyme.__node__): Object {
    "instance": null,
    "key": undefined,
    "nodeType": "class",
    "props": Object {
      "children": Array [
        <Form
          i18n={
            Object {
              "add": "Add",
              "down": "↓",
              "optional": " (optional)",
              "remove": "✘",
              "required": "",
              "up": "↑",
            }
          }
          options={undefined}
          stylesheet={
            Object {
              "button": Object {
                "alignSelf": "stretch",
                "backgroundColor": "#48BBEC",
                "borderColor": "#48BBEC",
                "borderRadius": 8,
                "borderWidth": 1,
                "height": 36,
                "justifyContent": "center",
                "marginBottom": 10,
              },
              "buttonText": Object {
                "alignSelf": "center",
                "color": "white",
                "fontSize": 18,
              },
              "checkbox": Object {
                "error": Object {
                  "marginBottom": 4,
                },
                "normal": Object {
                  "marginBottom": 4,
                },
              },
              "controlLabel": Object {
                "error": Object {
                  "color": "#a94442",
                  "fontSize": 17,
                  "fontWeight": "500",
                  "marginBottom": 7,
                },
                "normal": Object {
                  "color": "#000000",
                  "fontSize": 17,
                  "fontWeight": "500",
                  "marginBottom": 7,
                },
              },
              "dateTouchable": Object {
                "error": Object {},
                "normal": Object {},
              },
              "dateValue": Object {
                "error": Object {
                  "color": "#a94442",
                  "fontSize": 17,
                  "marginBottom": 5,
                  "padding": 7,
                },
                "normal": Object {
                  "color": "#000000",
                  "fontSize": 17,
                  "marginBottom": 5,
                  "padding": 7,
                },
              },
              "datepicker": Object {
                "error": Object {
                  "marginBottom": 4,
                },
                "normal": Object {
                  "marginBottom": 4,
                },
              },
              "errorBlock": Object {
                "color": "#a94442",
                "fontSize": 17,
                "marginBottom": 2,
              },
              "fieldset": Object {},
              "formGroup": Object {
                "error": Object {
                  "marginBottom": 10,
                },
                "normal": Object {
                  "marginBottom": 10,
                },
              },
              "helpBlock": Object {
                "error": Object {
                  "color": "#999999",
                  "fontSize": 17,
                  "marginBottom": 2,
                },
                "normal": Object {
                  "color": "#999999",
                  "fontSize": 17,
                  "marginBottom": 2,
                },
              },
              "pickerContainer": Object {
                "error": Object {
                  "borderColor": "#a94442",
                  "borderRadius": 4,
                  "borderWidth": 1,
                  "marginBottom": 4,
                },
                "normal": Object {
                  "borderColor": "#cccccc",
                  "borderRadius": 4,
                  "borderWidth": 1,
                  "marginBottom": 4,
                },
                "open": Object {},
              },
              "pickerTouchable": Object {
                "active": Object {
                  "borderBottomWidth": 1,
                  "borderColor": "#cccccc",
                },
                "error": Object {
                  "alignItems": "center",
                  "flexDirection": "row",
                  "height": 44,
                },
                "normal": Object {
                  "alignItems": "center",
                  "flexDirection": "row",
                  "height": 44,
                },
              },
              "pickerValue": Object {
                "error": Object {
                  "fontSize": 17,
                  "paddingLeft": 7,
                },
                "normal": Object {
                  "fontSize": 17,
                  "paddingLeft": 7,
                },
              },
              "select": Object {
                "error": Object {},
                "normal": Object {},
              },
              "textbox": Object {
                "error": Object {
                  "borderColor": "#a94442",
                  "borderRadius": 4,
                  "borderWidth": 1,
                  "color": "#000000",
                  "fontSize": 17,
                  "height": 36,
                  "marginBottom": 5,
                  "paddingHorizontal": 7,
                  "paddingVertical": 7,
                },
                "normal": Object {
                  "borderColor": "#cccccc",
                  "borderRadius": 4,
                  "borderWidth": 1,
                  "color": "#000000",
                  "fontSize": 17,
                  "height": 36,
                  "marginBottom": 5,
                  "paddingHorizontal": 7,
                  "paddingVertical": 7,
                },
                "notEditable": Object {
                  "backgroundColor": "#eeeeee",
                  "borderColor": "#cccccc",
                  "borderRadius": 4,
                  "borderWidth": 1,
                  "color": "#777777",
                  "fontSize": 17,
                  "height": 36,
                  "marginBottom": 5,
                  "paddingHorizontal": 7,
                  "paddingVertical": 7,
                },
              },
              "textboxView": Object {
                "error": Object {},
                "normal": Object {},
                "notEditable": Object {},
              },
            }
          }
          templates={
            Object {
              "checkbox": [Function],
              "datepicker": [Function],
              "list": [Function],
              "select": [Function],
              "struct": [Function],
              "textbox": [Function],
            }
          }
          type={[Function]}
          value={undefined}
        />,
        <Styled(Button)
          bordered={true}
          light={true}
          onPress={[Function]}
          style={
            Object {
              "alignSelf": "center",
              "marginBottom": 12,
            }
          }
          virtual={undefined}
        >
          <Styled(Text)
            virtual={undefined}
          >
             Logg inn 
          </Styled(Text)>
        </Styled(Button)>,
        <Styled(Button)
          bordered={true}
          light={true}
          onPress={[Function]}
          style={
            Object {
              "alignSelf": "center",
              "marginBottom": 12,
            }
          }
          virtual={undefined}
        >
          <Styled(Text)
            virtual={undefined}
          >
            Registrer deg her
          </Styled(Text)>
        </Styled(Button)>,
      ],
      "style": Object {},
    },
    "ref": null,
    "rendered": Array [
      Object {
        "instance": null,
        "key": undefined,
        "nodeType": "class",
        "props": Object {
          "i18n": Object {
            "add": "Add",
            "down": "↓",
            "optional": " (optional)",
            "remove": "✘",
            "required": "",
            "up": "↑",
          },
          "options": undefined,
          "stylesheet": Object {
            "button": Object {
              "alignSelf": "stretch",
              "backgroundColor": "#48BBEC",
              "borderColor": "#48BBEC",
              "borderRadius": 8,
              "borderWidth": 1,
              "height": 36,
              "justifyContent": "center",
              "marginBottom": 10,
            },
            "buttonText": Object {
              "alignSelf": "center",
              "color": "white",
              "fontSize": 18,
            },
            "checkbox": Object {
              "error": Object {
                "marginBottom": 4,
              },
              "normal": Object {
                "marginBottom": 4,
              },
            },
            "controlLabel": Object {
              "error": Object {
                "color": "#a94442",
                "fontSize": 17,
                "fontWeight": "500",
                "marginBottom": 7,
              },
              "normal": Object {
                "color": "#000000",
                "fontSize": 17,
                "fontWeight": "500",
                "marginBottom": 7,
              },
            },
            "dateTouchable": Object {
              "error": Object {},
              "normal": Object {},
            },
            "dateValue": Object {
              "error": Object {
                "color": "#a94442",
                "fontSize": 17,
                "marginBottom": 5,
                "padding": 7,
              },
              "normal": Object {
                "color": "#000000",
                "fontSize": 17,
                "marginBottom": 5,
                "padding": 7,
              },
            },
            "datepicker": Object {
              "error": Object {
                "marginBottom": 4,
              },
              "normal": Object {
                "marginBottom": 4,
              },
            },
            "errorBlock": Object {
              "color": "#a94442",
              "fontSize": 17,
              "marginBottom": 2,
            },
            "fieldset": Object {},
            "formGroup": Object {
              "error": Object {
                "marginBottom": 10,
              },
              "normal": Object {
                "marginBottom": 10,
              },
            },
            "helpBlock": Object {
              "error": Object {
                "color": "#999999",
                "fontSize": 17,
                "marginBottom": 2,
              },
              "normal": Object {
                "color": "#999999",
                "fontSize": 17,
                "marginBottom": 2,
              },
            },
            "pickerContainer": Object {
              "error": Object {
                "borderColor": "#a94442",
                "borderRadius": 4,
                "borderWidth": 1,
                "marginBottom": 4,
              },
              "normal": Object {
                "borderColor": "#cccccc",
                "borderRadius": 4,
                "borderWidth": 1,
                "marginBottom": 4,
              },
              "open": Object {},
            },
            "pickerTouchable": Object {
              "active": Object {
                "borderBottomWidth": 1,
                "borderColor": "#cccccc",
              },
              "error": Object {
                "alignItems": "center",
                "flexDirection": "row",
                "height": 44,
              },
              "normal": Object {
                "alignItems": "center",
                "flexDirection": "row",
                "height": 44,
              },
            },
            "pickerValue": Object {
              "error": Object {
                "fontSize": 17,
                "paddingLeft": 7,
              },
              "normal": Object {
                "fontSize": 17,
                "paddingLeft": 7,
              },
            },
            "select": Object {
              "error": Object {},
              "normal": Object {},
            },
            "textbox": Object {
              "error": Object {
                "borderColor": "#a94442",
                "borderRadius": 4,
                "borderWidth": 1,
                "color": "#000000",
                "fontSize": 17,
                "height": 36,
                "marginBottom": 5,
                "paddingHorizontal": 7,
                "paddingVertical": 7,
              },
              "normal": Object {
                "borderColor": "#cccccc",
                "borderRadius": 4,
                "borderWidth": 1,
                "color": "#000000",
                "fontSize": 17,
                "height": 36,
                "marginBottom": 5,
                "paddingHorizontal": 7,
                "paddingVertical": 7,
              },
              "notEditable": Object {
                "backgroundColor": "#eeeeee",
                "borderColor": "#cccccc",
                "borderRadius": 4,
                "borderWidth": 1,
                "color": "#777777",
                "fontSize": 17,
                "height": 36,
                "marginBottom": 5,
                "paddingHorizontal": 7,
                "paddingVertical": 7,
              },
            },
            "textboxView": Object {
              "error": Object {},
              "normal": Object {},
              "notEditable": Object {},
            },
          },
          "templates": Object {
            "checkbox": [Function],
            "datepicker": [Function],
            "list": [Function],
            "select": [Function],
            "struct": [Function],
            "textbox": [Function],
          },
          "type": [Function],
          "value": undefined,
        },
        "ref": [Function],
        "rendered": null,
        "type": [Function],
      },
      Object {
        "instance": null,
        "key": undefined,
        "nodeType": "class",
        "props": Object {
          "bordered": true,
          "children": <Styled(Text)
            virtual={undefined}
          >
             Logg inn 
          </Styled(Text)>,
          "light": true,
          "onPress": [Function],
          "style": Object {
            "alignSelf": "center",
            "marginBottom": 12,
          },
          "virtual": undefined,
        },
        "ref": null,
        "rendered": Object {
          "instance": null,
          "key": undefined,
          "nodeType": "class",
          "props": Object {
            "children": " Logg inn ",
            "virtual": undefined,
          },
          "ref": null,
          "rendered": " Logg inn ",
          "type": [Function],
        },
        "type": [Function],
      },
      Object {
        "instance": null,
        "key": undefined,
        "nodeType": "class",
        "props": Object {
          "bordered": true,
          "children": <Styled(Text)
            virtual={undefined}
          >
            Registrer deg her
          </Styled(Text)>,
          "light": true,
          "onPress": [Function],
          "style": Object {
            "alignSelf": "center",
            "marginBottom": 12,
          },
          "virtual": undefined,
        },
        "ref": null,
        "rendered": Object {
          "instance": null,
          "key": undefined,
          "nodeType": "class",
          "props": Object {
            "children": "Registrer deg her",
            "virtual": undefined,
          },
          "ref": null,
          "rendered": "Registrer deg her",
          "type": [Function],
        },
        "type": [Function],
      },
    ],
    "type": [Function],
  },
  Symbol(enzyme.__nodes__): Array [
    Object {
      "instance": null,
      "key": undefined,
      "nodeType": "class",
      "props": Object {
        "children": Array [
          <Form
            i18n={
              Object {
                "add": "Add",
                "down": "↓",
                "optional": " (optional)",
                "remove": "✘",
                "required": "",
                "up": "↑",
              }
            }
            options={undefined}
            stylesheet={
              Object {
                "button": Object {
                  "alignSelf": "stretch",
                  "backgroundColor": "#48BBEC",
                  "borderColor": "#48BBEC",
                  "borderRadius": 8,
                  "borderWidth": 1,
                  "height": 36,
                  "justifyContent": "center",
                  "marginBottom": 10,
                },
                "buttonText": Object {
                  "alignSelf": "center",
                  "color": "white",
                  "fontSize": 18,
                },
                "checkbox": Object {
                  "error": Object {
                    "marginBottom": 4,
                  },
                  "normal": Object {
                    "marginBottom": 4,
                  },
                },
                "controlLabel": Object {
                  "error": Object {
                    "color": "#a94442",
                    "fontSize": 17,
                    "fontWeight": "500",
                    "marginBottom": 7,
                  },
                  "normal": Object {
                    "color": "#000000",
                    "fontSize": 17,
                    "fontWeight": "500",
                    "marginBottom": 7,
                  },
                },
                "dateTouchable": Object {
                  "error": Object {},
                  "normal": Object {},
                },
                "dateValue": Object {
                  "error": Object {
                    "color": "#a94442",
                    "fontSize": 17,
                    "marginBottom": 5,
                    "padding": 7,
                  },
                  "normal": Object {
                    "color": "#000000",
                    "fontSize": 17,
                    "marginBottom": 5,
                    "padding": 7,
                  },
                },
                "datepicker": Object {
                  "error": Object {
                    "marginBottom": 4,
                  },
                  "normal": Object {
                    "marginBottom": 4,
                  },
                },
                "errorBlock": Object {
                  "color": "#a94442",
                  "fontSize": 17,
                  "marginBottom": 2,
                },
                "fieldset": Object {},
                "formGroup": Object {
                  "error": Object {
                    "marginBottom": 10,
                  },
                  "normal": Object {
                    "marginBottom": 10,
                  },
                },
                "helpBlock": Object {
                  "error": Object {
                    "color": "#999999",
                    "fontSize": 17,
                    "marginBottom": 2,
                  },
                  "normal": Object {
                    "color": "#999999",
                    "fontSize": 17,
                    "marginBottom": 2,
                  },
                },
                "pickerContainer": Object {
                  "error": Object {
                    "borderColor": "#a94442",
                    "borderRadius": 4,
                    "borderWidth": 1,
                    "marginBottom": 4,
                  },
                  "normal": Object {
                    "borderColor": "#cccccc",
                    "borderRadius": 4,
                    "borderWidth": 1,
                    "marginBottom": 4,
                  },
                  "open": Object {},
                },
                "pickerTouchable": Object {
                  "active": Object {
                    "borderBottomWidth": 1,
                    "borderColor": "#cccccc",
                  },
                  "error": Object {
                    "alignItems": "center",
                    "flexDirection": "row",
                    "height": 44,
                  },
                  "normal": Object {
                    "alignItems": "center",
                    "flexDirection": "row",
                    "height": 44,
                  },
                },
                "pickerValue": Object {
                  "error": Object {
                    "fontSize": 17,
                    "paddingLeft": 7,
                  },
                  "normal": Object {
                    "fontSize": 17,
                    "paddingLeft": 7,
                  },
                },
                "select": Object {
                  "error": Object {},
                  "normal": Object {},
                },
                "textbox": Object {
                  "error": Object {
                    "borderColor": "#a94442",
                    "borderRadius": 4,
                    "borderWidth": 1,
                    "color": "#000000",
                    "fontSize": 17,
                    "height": 36,
                    "marginBottom": 5,
                    "paddingHorizontal": 7,
                    "paddingVertical": 7,
                  },
                  "normal": Object {
                    "borderColor": "#cccccc",
                    "borderRadius": 4,
                    "borderWidth": 1,
                    "color": "#000000",
                    "fontSize": 17,
                    "height": 36,
                    "marginBottom": 5,
                    "paddingHorizontal": 7,
                    "paddingVertical": 7,
                  },
                  "notEditable": Object {
                    "backgroundColor": "#eeeeee",
                    "borderColor": "#cccccc",
                    "borderRadius": 4,
                    "borderWidth": 1,
                    "color": "#777777",
                    "fontSize": 17,
                    "height": 36,
                    "marginBottom": 5,
                    "paddingHorizontal": 7,
                    "paddingVertical": 7,
                  },
                },
                "textboxView": Object {
                  "error": Object {},
                  "normal": Object {},
                  "notEditable": Object {},
                },
              }
            }
            templates={
              Object {
                "checkbox": [Function],
                "datepicker": [Function],
                "list": [Function],
                "select": [Function],
                "struct": [Function],
                "textbox": [Function],
              }
            }
            type={[Function]}
            value={undefined}
          />,
          <Styled(Button)
            bordered={true}
            light={true}
            onPress={[Function]}
            style={
              Object {
                "alignSelf": "center",
                "marginBottom": 12,
              }
            }
            virtual={undefined}
          >
            <Styled(Text)
              virtual={undefined}
            >
               Logg inn 
            </Styled(Text)>
          </Styled(Button)>,
          <Styled(Button)
            bordered={true}
            light={true}
            onPress={[Function]}
            style={
              Object {
                "alignSelf": "center",
                "marginBottom": 12,
              }
            }
            virtual={undefined}
          >
            <Styled(Text)
              virtual={undefined}
            >
              Registrer deg her
            </Styled(Text)>
          </Styled(Button)>,
        ],
        "style": Object {},
      },
      "ref": null,
      "rendered": Array [
        Object {
          "instance": null,
          "key": undefined,
          "nodeType": "class",
          "props": Object {
            "i18n": Object {
              "add": "Add",
              "down": "↓",
              "optional": " (optional)",
              "remove": "✘",
              "required": "",
              "up": "↑",
            },
            "options": undefined,
            "stylesheet": Object {
              "button": Object {
                "alignSelf": "stretch",
                "backgroundColor": "#48BBEC",
                "borderColor": "#48BBEC",
                "borderRadius": 8,
                "borderWidth": 1,
                "height": 36,
                "justifyContent": "center",
                "marginBottom": 10,
              },
              "buttonText": Object {
                "alignSelf": "center",
                "color": "white",
                "fontSize": 18,
              },
              "checkbox": Object {
                "error": Object {
                  "marginBottom": 4,
                },
                "normal": Object {
                  "marginBottom": 4,
                },
              },
              "controlLabel": Object {
                "error": Object {
                  "color": "#a94442",
                  "fontSize": 17,
                  "fontWeight": "500",
                  "marginBottom": 7,
                },
                "normal": Object {
                  "color": "#000000",
                  "fontSize": 17,
                  "fontWeight": "500",
                  "marginBottom": 7,
                },
              },
              "dateTouchable": Object {
                "error": Object {},
                "normal": Object {},
              },
              "dateValue": Object {
                "error": Object {
                  "color": "#a94442",
                  "fontSize": 17,
                  "marginBottom": 5,
                  "padding": 7,
                },
                "normal": Object {
                  "color": "#000000",
                  "fontSize": 17,
                  "marginBottom": 5,
                  "padding": 7,
                },
              },
              "datepicker": Object {
                "error": Object {
                  "marginBottom": 4,
                },
                "normal": Object {
                  "marginBottom": 4,
                },
              },
              "errorBlock": Object {
                "color": "#a94442",
                "fontSize": 17,
                "marginBottom": 2,
              },
              "fieldset": Object {},
              "formGroup": Object {
                "error": Object {
                  "marginBottom": 10,
                },
                "normal": Object {
                  "marginBottom": 10,
                },
              },
              "helpBlock": Object {
                "error": Object {
                  "color": "#999999",
                  "fontSize": 17,
                  "marginBottom": 2,
                },
                "normal": Object {
                  "color": "#999999",
                  "fontSize": 17,
                  "marginBottom": 2,
                },
              },
              "pickerContainer": Object {
                "error": Object {
                  "borderColor": "#a94442",
                  "borderRadius": 4,
                  "borderWidth": 1,
                  "marginBottom": 4,
                },
                "normal": Object {
                  "borderColor": "#cccccc",
                  "borderRadius": 4,
                  "borderWidth": 1,
                  "marginBottom": 4,
                },
                "open": Object {},
              },
              "pickerTouchable": Object {
                "active": Object {
                  "borderBottomWidth": 1,
                  "borderColor": "#cccccc",
                },
                "error": Object {
                  "alignItems": "center",
                  "flexDirection": "row",
                  "height": 44,
                },
                "normal": Object {
                  "alignItems": "center",
                  "flexDirection": "row",
                  "height": 44,
                },
              },
              "pickerValue": Object {
                "error": Object {
                  "fontSize": 17,
                  "paddingLeft": 7,
                },
                "normal": Object {
                  "fontSize": 17,
                  "paddingLeft": 7,
                },
              },
              "select": Object {
                "error": Object {},
                "normal": Object {},
              },
              "textbox": Object {
                "error": Object {
                  "borderColor": "#a94442",
                  "borderRadius": 4,
                  "borderWidth": 1,
                  "color": "#000000",
                  "fontSize": 17,
                  "height": 36,
                  "marginBottom": 5,
                  "paddingHorizontal": 7,
                  "paddingVertical": 7,
                },
                "normal": Object {
                  "borderColor": "#cccccc",
                  "borderRadius": 4,
                  "borderWidth": 1,
                  "color": "#000000",
                  "fontSize": 17,
                  "height": 36,
                  "marginBottom": 5,
                  "paddingHorizontal": 7,
                  "paddingVertical": 7,
                },
                "notEditable": Object {
                  "backgroundColor": "#eeeeee",
                  "borderColor": "#cccccc",
                  "borderRadius": 4,
                  "borderWidth": 1,
                  "color": "#777777",
                  "fontSize": 17,
                  "height": 36,
                  "marginBottom": 5,
                  "paddingHorizontal": 7,
                  "paddingVertical": 7,
                },
              },
              "textboxView": Object {
                "error": Object {},
                "normal": Object {},
                "notEditable": Object {},
              },
            },
            "templates": Object {
              "checkbox": [Function],
              "datepicker": [Function],
              "list": [Function],
              "select": [Function],
              "struct": [Function],
              "textbox": [Function],
            },
            "type": [Function],
            "value": undefined,
          },
          "ref": [Function],
          "rendered": null,
          "type": [Function],
        },
        Object {
          "instance": null,
          "key": undefined,
          "nodeType": "class",
          "props": Object {
            "bordered": true,
            "children": <Styled(Text)
              virtual={undefined}
            >
               Logg inn 
            </Styled(Text)>,
            "light": true,
            "onPress": [Function],
            "style": Object {
              "alignSelf": "center",
              "marginBottom": 12,
            },
            "virtual": undefined,
          },
          "ref": null,
          "rendered": Object {
            "instance": null,
            "key": undefined,
            "nodeType": "class",
            "props": Object {
              "children": " Logg inn ",
              "virtual": undefined,
            },
            "ref": null,
            "rendered": " Logg inn ",
            "type": [Function],
          },
          "type": [Function],
        },
        Object {
          "instance": null,
          "key": undefined,
          "nodeType": "class",
          "props": Object {
            "bordered": true,
            "children": <Styled(Text)
              virtual={undefined}
            >
              Registrer deg her
            </Styled(Text)>,
            "light": true,
            "onPress": [Function],
            "style": Object {
              "alignSelf": "center",
              "marginBottom": 12,
            },
            "virtual": undefined,
          },
          "ref": null,
          "rendered": Object {
            "instance": null,
            "key": undefined,
            "nodeType": "class",
            "props": Object {
              "children": "Registrer deg her",
              "virtual": undefined,
            },
            "ref": null,
            "rendered": "Registrer deg her",
            "type": [Function],
          },
          "type": [Function],
        },
      ],
      "type": [Function],
    },
  ],
  Symbol(enzyme.__options__): Object {
    "adapter": ReactSixteenAdapter {
      "options": Object {
        "enableComponentDidUpdateOnSetState": true,
      },
    },
    "context": Object {
      "store": Object {
        "clearActions": [Function],
        "dispatch": [Function],
        "getActions": [Function],
        "getState": [Function],
        "replaceReducer": [Function],
        "subscribe": [Function],
      },
    },
  },
}
`;
