// Jest Snapshot v1, https://goo.gl/fbAQLP

exports[`Testing RegisterCompanyScreen Renders as expected 1`] = `
ShallowWrapper {
  "length": 1,
  Symbol(enzyme.__root__): [Circular],
  Symbol(enzyme.__unrendered__): <RegisterCompanyScreen
    getCompanyList={[Function]}
  />,
  Symbol(enzyme.__renderer__): Object {
    "batchedUpdates": [Function],
    "getNode": [Function],
    "render": [Function],
    "simulateEvent": [Function],
    "unmount": [Function],
  },
  Symbol(enzyme.__node__): Object {
    "instance": null,
    "key": undefined,
    "nodeType": "class",
    "props": Object {
      "children": Array [
        <Text
          accessible={true}
          allowFontScaling={true}
          ellipsizeMode="tail"
          style={
            Object {
              "color": "white",
              "fontSize": 30,
            }
          }
        >
           Velg tilhørighet 
        </Text>,
        <Connect(CompanyPicker) />,
      ],
      "style": Object {
        "alignItems": "center",
        "backgroundColor": "rgb(000, 039, 118)",
        "display": "flex",
        "flex": 2,
        "justifyContent": "center",
      },
    },
    "ref": null,
    "rendered": Array [
      Object {
        "instance": null,
        "key": undefined,
        "nodeType": "class",
        "props": Object {
          "accessible": true,
          "allowFontScaling": true,
          "children": " Velg tilhørighet ",
          "ellipsizeMode": "tail",
          "style": Object {
            "color": "white",
            "fontSize": 30,
          },
        },
        "ref": null,
        "rendered": " Velg tilhørighet ",
        "type": [Function],
      },
      Object {
        "instance": null,
        "key": undefined,
        "nodeType": "class",
        "props": Object {},
        "ref": null,
        "rendered": null,
        "type": [Function],
      },
    ],
    "type": [Function],
  },
  Symbol(enzyme.__nodes__): Array [
    Object {
      "instance": null,
      "key": undefined,
      "nodeType": "class",
      "props": Object {
        "children": Array [
          <Text
            accessible={true}
            allowFontScaling={true}
            ellipsizeMode="tail"
            style={
              Object {
                "color": "white",
                "fontSize": 30,
              }
            }
          >
             Velg tilhørighet 
          </Text>,
          <Connect(CompanyPicker) />,
        ],
        "style": Object {
          "alignItems": "center",
          "backgroundColor": "rgb(000, 039, 118)",
          "display": "flex",
          "flex": 2,
          "justifyContent": "center",
        },
      },
      "ref": null,
      "rendered": Array [
        Object {
          "instance": null,
          "key": undefined,
          "nodeType": "class",
          "props": Object {
            "accessible": true,
            "allowFontScaling": true,
            "children": " Velg tilhørighet ",
            "ellipsizeMode": "tail",
            "style": Object {
              "color": "white",
              "fontSize": 30,
            },
          },
          "ref": null,
          "rendered": " Velg tilhørighet ",
          "type": [Function],
        },
        Object {
          "instance": null,
          "key": undefined,
          "nodeType": "class",
          "props": Object {},
          "ref": null,
          "rendered": null,
          "type": [Function],
        },
      ],
      "type": [Function],
    },
  ],
  Symbol(enzyme.__options__): Object {
    "adapter": ReactSixteenAdapter {
      "options": Object {
        "enableComponentDidUpdateOnSetState": true,
      },
    },
    "context": Object {
      "store": Object {
        "clearActions": [Function],
        "dispatch": [Function],
        "getActions": [Function],
        "getState": [Function],
        "replaceReducer": [Function],
        "subscribe": [Function],
      },
    },
  },
}
`;
